Component: ARM Compiler 5.06 update 7 (build 960) Tool: armlink [4d3601]

==============================================================================

Section Cross References

    startup_stm32f10x_hd.o(RESET) refers to startup_stm32f10x_hd.o(STACK) for __initial_sp
    startup_stm32f10x_hd.o(RESET) refers to startup_stm32f10x_hd.o(.text) for Reset_Handler
    startup_stm32f10x_hd.o(RESET) refers to stm32f10x_it.o(i.NMI_Handler) for NMI_Handler
    startup_stm32f10x_hd.o(RESET) refers to stm32f10x_it.o(i.HardFault_Handler) for HardFault_Handler
    startup_stm32f10x_hd.o(RESET) refers to stm32f10x_it.o(i.MemManage_Handler) for MemManage_Handler
    startup_stm32f10x_hd.o(RESET) refers to stm32f10x_it.o(i.BusFault_Handler) for BusFault_Handler
    startup_stm32f10x_hd.o(RESET) refers to stm32f10x_it.o(i.UsageFault_Handler) for UsageFault_Handler
    startup_stm32f10x_hd.o(RESET) refers to stm32f10x_it.o(i.SVC_Handler) for SVC_Handler
    startup_stm32f10x_hd.o(RESET) refers to stm32f10x_it.o(i.DebugMon_Handler) for DebugMon_Handler
    startup_stm32f10x_hd.o(RESET) refers to stm32f10x_it.o(i.PendSV_Handler) for PendSV_Handler
    startup_stm32f10x_hd.o(RESET) refers to delay.o(i.SysTick_Handler) for SysTick_Handler
    startup_stm32f10x_hd.o(RESET) refers to timer.o(i.TIM3_IRQHandler) for TIM3_IRQHandler
    startup_stm32f10x_hd.o(RESET) refers to usart3.o(i.USART1_IRQHandler) for USART1_IRQHandler
    startup_stm32f10x_hd.o(.text) refers to system_stm32f10x.o(i.SystemInit) for SystemInit
    startup_stm32f10x_hd.o(.text) refers to entry.o(.ARM.Collect$$$$00000000) for __main
    system_stm32f10x.o(i.SetSysClock) refers to system_stm32f10x.o(i.SetSysClockTo72) for SetSysClockTo72
    system_stm32f10x.o(i.SystemCoreClockUpdate) refers to system_stm32f10x.o(.data) for SystemCoreClock
    system_stm32f10x.o(i.SystemInit) refers to system_stm32f10x.o(i.SetSysClock) for SetSysClock
    stm32f10x_gpio.o(i.GPIO_AFIODeInit) refers to stm32f10x_rcc.o(i.RCC_APB2PeriphResetCmd) for RCC_APB2PeriphResetCmd
    stm32f10x_gpio.o(i.GPIO_DeInit) refers to stm32f10x_rcc.o(i.RCC_APB2PeriphResetCmd) for RCC_APB2PeriphResetCmd
    stm32f10x_rcc.o(i.RCC_GetClocksFreq) refers to stm32f10x_rcc.o(.data) for APBAHBPrescTable
    stm32f10x_rcc.o(i.RCC_WaitForHSEStartUp) refers to stm32f10x_rcc.o(i.RCC_GetFlagStatus) for RCC_GetFlagStatus
    stm32f10x_tim.o(i.TIM_DeInit) refers to stm32f10x_rcc.o(i.RCC_APB2PeriphResetCmd) for RCC_APB2PeriphResetCmd
    stm32f10x_tim.o(i.TIM_DeInit) refers to stm32f10x_rcc.o(i.RCC_APB1PeriphResetCmd) for RCC_APB1PeriphResetCmd
    stm32f10x_tim.o(i.TIM_ETRClockMode1Config) refers to stm32f10x_tim.o(i.TIM_ETRConfig) for TIM_ETRConfig
    stm32f10x_tim.o(i.TIM_ETRClockMode2Config) refers to stm32f10x_tim.o(i.TIM_ETRConfig) for TIM_ETRConfig
    stm32f10x_tim.o(i.TIM_ICInit) refers to stm32f10x_tim.o(i.TI1_Config) for TI1_Config
    stm32f10x_tim.o(i.TIM_ICInit) refers to stm32f10x_tim.o(i.TIM_SetIC1Prescaler) for TIM_SetIC1Prescaler
    stm32f10x_tim.o(i.TIM_ICInit) refers to stm32f10x_tim.o(i.TI2_Config) for TI2_Config
    stm32f10x_tim.o(i.TIM_ICInit) refers to stm32f10x_tim.o(i.TIM_SetIC2Prescaler) for TIM_SetIC2Prescaler
    stm32f10x_tim.o(i.TIM_ICInit) refers to stm32f10x_tim.o(i.TI3_Config) for TI3_Config
    stm32f10x_tim.o(i.TIM_ICInit) refers to stm32f10x_tim.o(i.TIM_SetIC3Prescaler) for TIM_SetIC3Prescaler
    stm32f10x_tim.o(i.TIM_ICInit) refers to stm32f10x_tim.o(i.TI4_Config) for TI4_Config
    stm32f10x_tim.o(i.TIM_ICInit) refers to stm32f10x_tim.o(i.TIM_SetIC4Prescaler) for TIM_SetIC4Prescaler
    stm32f10x_tim.o(i.TIM_ITRxExternalClockConfig) refers to stm32f10x_tim.o(i.TIM_SelectInputTrigger) for TIM_SelectInputTrigger
    stm32f10x_tim.o(i.TIM_PWMIConfig) refers to stm32f10x_tim.o(i.TI1_Config) for TI1_Config
    stm32f10x_tim.o(i.TIM_PWMIConfig) refers to stm32f10x_tim.o(i.TIM_SetIC1Prescaler) for TIM_SetIC1Prescaler
    stm32f10x_tim.o(i.TIM_PWMIConfig) refers to stm32f10x_tim.o(i.TI2_Config) for TI2_Config
    stm32f10x_tim.o(i.TIM_PWMIConfig) refers to stm32f10x_tim.o(i.TIM_SetIC2Prescaler) for TIM_SetIC2Prescaler
    stm32f10x_tim.o(i.TIM_TIxExternalClockConfig) refers to stm32f10x_tim.o(i.TI2_Config) for TI2_Config
    stm32f10x_tim.o(i.TIM_TIxExternalClockConfig) refers to stm32f10x_tim.o(i.TI1_Config) for TI1_Config
    stm32f10x_tim.o(i.TIM_TIxExternalClockConfig) refers to stm32f10x_tim.o(i.TIM_SelectInputTrigger) for TIM_SelectInputTrigger
    stm32f10x_usart.o(i.USART_DeInit) refers to stm32f10x_rcc.o(i.RCC_APB2PeriphResetCmd) for RCC_APB2PeriphResetCmd
    stm32f10x_usart.o(i.USART_DeInit) refers to stm32f10x_rcc.o(i.RCC_APB1PeriphResetCmd) for RCC_APB1PeriphResetCmd
    stm32f10x_usart.o(i.USART_Init) refers to stm32f10x_rcc.o(i.RCC_GetClocksFreq) for RCC_GetClocksFreq
    main.o(i.main) refers to delay.o(i.Delay_Init) for Delay_Init
    main.o(i.main) refers to usart3.o(i.usart1_init) for usart1_init
[...]
    printf2.o(i.__0snprintf$2) refers to printf2.o(i._printf_core) for _printf_core
    printf2.o(i.__0snprintf$2) refers to printf2.o(i._snputc) for _snputc
    printf2.o(i.__0sprintf$2) refers to printf2.o(i._printf_core) for _printf_core
    printf2.o(i.__0sprintf$2) refers to printf2.o(i._sputc) for _sputc
    printf2.o(i.__0vfprintf$2) refers to printf2.o(i._printf_core) for _printf_core
    printf2.o(i.__0vfprintf$2) refers to fputc.o(i.fputc) for fputc
    printf2.o(i.__0vprintf$2) refers to printf2.o(i._printf_core) for _printf_core
    printf2.o(i.__0vprintf$2) refers to fputc.o(i.fputc) for fputc
    printf2.o(i.__0vprintf$2) refers to stdout.o(.data) for __stdout
    printf2.o(i.__0vsnprintf$2) refers to printf2.o(i._printf_core) for _printf_core
    printf2.o(i.__0vsnprintf$2) refers to printf2.o(i._snputc) for _snputc
    printf2.o(i.__0vsprintf$2) refers to printf2.o(i._printf_core) for _printf_core
    printf2.o(i.__0vsprintf$2) refers to printf2.o(i._sputc) for _sputc
    printf3.o(i.__0fprintf$3) refers to printf3.o(i._printf_core) for _printf_core
    printf3.o(i.__0fprintf$3) refers to fputc.o(i.fputc) for fputc
    printf3.o(i.__0printf$3) refers to printf3.o(i._printf_core) for _printf_core
    printf3.o(i.__0printf$3) refers to fputc.o(i.fputc) for fputc
    printf3.o(i.__0printf$3) refers to stdout.o(.data) for __stdout
    printf3.o(i.__0snprintf$3) refers to printf3.o(i._printf_core) for _printf_core
    printf3.o(i.__0snprintf$3) refers to printf3.o(i._snputc) for _snputc
    printf3.o(i.__0sprintf$3) refers to printf3.o(i._printf_core) for _printf_core
    printf3.o(i.__0sprintf$3) refers to printf3.o(i._sputc) for _sputc
    printf3.o(i.__0vfprintf$3) refers to printf3.o(i._printf_core) for _printf_core
    printf3.o(i.__0vfprintf$3) refers to fputc.o(i.fputc) for fputc
    printf3.o(i.__0vprintf$3) refers to printf3.o(i._printf_core) for _printf_core
    printf3.o(i.__0vprintf$3) refers to fputc.o(i.fputc) for fputc
    printf3.o(i.__0vprintf$3) refers to stdout.o(.data) for __stdout
    printf3.o(i.__0vsnprintf$3) refers to printf3.o(i._printf_core) for _printf_core
    printf3.o(i.__0vsnprintf$3) refers to printf3.o(i._snputc) for _snputc
    printf3.o(i.__0vsprintf$3) refers to printf3.o(i._printf_core) for _printf_core
    printf3.o(i.__0vsprintf$3) refers to printf3.o(i._sputc) for _sputc
    printf3.o(i._printf_core) refers to uidiv.o(.text) for __aeabi_uidivmod
    printf4.o(i.__0fprintf$4) refers to printf4.o(i._printf_core) for _printf_core
    printf4.o(i.__0fprintf$4) refers to fputc.o(i.fputc) for fputc
    printf4.o(i.__0printf$4) refers to printf4.o(i._printf_core) for _printf_core
    printf4.o(i.__0printf$4) refers to fputc.o(i.fputc) for fputc
    printf4.o(i.__0printf$4) refers to stdout.o(.data) for __stdout
    printf4.o(i.__0snprintf$4) refers to printf4.o(i._printf_core) for _printf_core
    printf4.o(i.__0snprintf$4) refers to printf4.o(i._snputc) for _snputc
    printf4.o(i.__0sprintf$4) refers to printf4.o(i._printf_core) for _printf_core
    printf4.o(i.__0sprintf$4) refers to printf4.o(i._sputc) for _sputc
    printf4.o(i.__0vfprintf$4) refers to printf4.o(i._printf_core) for _printf_core
    printf4.o(i.__0vfprintf$4) refers to fputc.o(i.fputc) for fputc
    printf4.o(i.__0vprintf$4) refers to printf4.o(i._printf_core) for _printf_core
    printf4.o(i.__0vprintf$4) refers to fputc.o(i.fputc) for fputc
    printf4.o(i.__0vprintf$4) refers to stdout.o(.data) for __stdout
    printf4.o(i.__0vsnprintf$4) refers to printf4.o(i._printf_core) for _printf_core
    printf4.o(i.__0vsnprintf$4) refers to printf4.o(i._snputc) for _snputc
    printf4.o(i.__0vsprintf$4) refers to printf4.o(i._printf_core) for _printf_core
    printf4.o(i.__0vsprintf$4) refers to printf4.o(i._sputc) for _sputc
    printf4.o(i._printf_core) refers to uldiv.o(.text) for __aeabi_uldivmod
    printf5.o(i.__0fprintf$5) refers to printf5.o(i._printf_core) for _printf_core
    printf5.o(i.__0fprintf$5) refers to fputc.o(i.fputc) for fputc
    printf5.o(i.__0printf$5) refers to printf5.o(i._printf_core) for _printf_core
    printf5.o(i.__0printf$5) refers to fputc.o(i.fputc) for fputc
    printf5.o(i.__0printf$5) refers to stdout.o(.data) for __stdout
    printf5.o(i.__0snprintf$5) refers to printf5.o(i._printf_core) for _printf_core
    printf5.o(i.__0snprintf$5) refers to printf5.o(i._snputc) for _snputc
    printf5.o(i.__0sprintf$5) refers to printf5.o(i._printf_core) for _printf_core
    printf5.o(i.__0sprintf$5) refers to printf5.o(i._sputc) for _sputc
    printf5.o(i.__0vfprintf$5) refers to printf5.o(i._printf_core) for _printf_core
    printf5.o(i.__0vfprintf$5) refers to fputc.o(i.fputc) for fputc
    printf5.o(i.__0vprintf$5) refers to printf5.o(i._printf_core) for _printf_core
    printf5.o(i.__0vprintf$5) refers to fputc.o(i.fputc) for fputc
    printf5.o(i.__0vprintf$5) refers to stdout.o(.data) for __stdout
    printf5.o(i.__0vsnprintf$5) refers to printf5.o(i._printf_core) for _printf_core
    printf5.o(i.__0vsnprintf$5) refers to printf5.o(i._snputc) for _snputc
    printf5.o(i.__0vsprintf$5) refers to printf5.o(i._printf_core) for _printf_core
    printf5.o(i.__0vsprintf$5) refers to printf5.o(i._sputc) for _sputc
    printf5.o(i._printf_core) refers to uldiv.o(.text) for __aeabi_uldivmod
    printf6.o(i.__0fprintf$6) refers to printf6.o(i._printf_core) for _printf_core
    printf6.o(i.__0fprintf$6) refers to fputc.o(i.fputc) for fputc
    printf6.o(i.__0printf$6) refers to printf6.o(i._printf_core) for _printf_core
    printf6.o(i.__0printf$6) refers to fputc.o(i.fputc) for fputc
    printf6.o(i.__0printf$6) refers to stdout.o(.data) for __stdout
    printf6.o(i.__0snprintf$6) refers to printf6.o(i._printf_core) for _printf_core
    printf6.o(i.__0snprintf$6) refers to printf6.o(i._snputc) for _snputc
    printf6.o(i.__0sprintf$6) refers to printf6.o(i._printf_core) for _printf_core
    printf6.o(i.__0sprintf$6) refers to printf6.o(i._sputc) for _sputc
    printf6.o(i.__0vfprintf$6) refers to printf6.o(i._printf_core) for _printf_core
    printf6.o(i.__0vfprintf$6) refers to fputc.o(i.fputc) for fputc
    printf6.o(i.__0vprintf$6) refers to printf6.o(i._printf_core) for _printf_core
    printf6.o(i.__0vprintf$6) refers to fputc.o(i.fputc) for fputc
    printf6.o(i.__0vprintf$6) refers to stdout.o(.data) for __stdout
    printf6.o(i.__0vsnprintf$6) refers to printf6.o(i._printf_core) for _printf_core
    printf6.o(i.__0vsnprintf$6) refers to printf6.o(i._snputc) for _snputc
    printf6.o(i.__0vsprintf$6) refers to printf6.o(i._printf_core) for _printf_core
    printf6.o(i.__0vsprintf$6) refers to printf6.o(i._sputc) for _sputc
    printf6.o(i._printf_core) refers to printf6.o(i._printf_pre_padding) for _printf_pre_padding
    printf6.o(i._printf_core) refers to uidiv.o(.text) for __aeabi_uidivmod
    printf6.o(i._printf_core) refers to printf6.o(i._printf_post_padding) for _printf_post_padding
    printf7.o(i.__0fprintf$7) refers to printf7.o(i._printf_core) for _printf_core
    printf7.o(i.__0fprintf$7) refers to fputc.o(i.fputc) for fputc
    printf7.o(i.__0printf$7) refers to printf7.o(i._printf_core) for _printf_core
    printf7.o(i.__0printf$7) refers to fputc.o(i.fputc) for fputc
    printf7.o(i.__0printf$7) refers to stdout.o(.data) for __stdout
    printf7.o(i.__0snprintf$7) refers to printf7.o(i._printf_core) for _printf_core
    printf7.o(i.__0snprintf$7) refers to printf7.o(i._snputc) for _snputc
    printf7.o(i.__0sprintf$7) refers to printf7.o(i._printf_core) for _printf_core
    printf7.o(i.__0sprintf$7) refers to printf7.o(i._sputc) for _sputc
    printf7.o(i.__0vfprintf$7) refers to printf7.o(i._printf_core) for _printf_core
    printf7.o(i.__0vfprintf$7) refers to fputc.o(i.fputc) for fputc
    printf7.o(i.__0vprintf$7) refers to printf7.o(i._printf_core) for _printf_core
    printf7.o(i.__0vprintf$7) refers to fputc.o(i.fputc) for fputc
    printf7.o(i.__0vprintf$7) refers to stdout.o(.data) for __stdout
    printf7.o(i.__0vsnprintf$7) refers to printf7.o(i._printf_core) for _printf_core
    printf7.o(i.__0vsnprintf$7) refers to printf7.o(i._snputc) for _snputc
    printf7.o(i.__0vsprintf$7) refers to printf7.o(i._printf_core) for _printf_core
    printf7.o(i.__0vsprintf$7) refers to printf7.o(i._sputc) for _sputc
    printf7.o(i._printf_core) refers to printf7.o(i._printf_pre_padding) for _printf_pre_padding
    printf7.o(i._printf_core) refers to uldiv.o(.text) for __aeabi_uldivmod
    printf7.o(i._printf_core) refers to printf7.o(i._printf_post_padding) for _printf_post_padding
    printf8.o(i.__0fprintf$8) refers to printf8.o(i._printf_core) for _printf_core
    printf8.o(i.__0fprintf$8) refers to fputc.o(i.fputc) for fputc
    printf8.o(i.__0printf$8) refers to printf8.o(i._printf_core) for _printf_core
    printf8.o(i.__0printf$8) refers to fputc.o(i.fputc) for fputc
    printf8.o(i.__0printf$8) refers to stdout.o(.data) for __stdout
    printf8.o(i.__0snprintf$8) refers to printf8.o(i._printf_core) for _printf_core
    printf8.o(i.__0snprintf$8) refers to printf8.o(i._snputc) for _snputc
    printf8.o(i.__0sprintf$8) refers to printf8.o(i._printf_core) for _printf_core
    printf8.o(i.__0sprintf$8) refers to printf8.o(i._sputc) for _sputc
    printf8.o(i.__0vfprintf$8) refers to printf8.o(i._printf_core) for _printf_core
    printf8.o(i.__0vfprintf$8) refers to fputc.o(i.fputc) for fputc
    printf8.o(i.__0vprintf$8) refers to printf8.o(i._printf_core) for _printf_core
    printf8.o(i.__0vprintf$8) refers to fputc.o(i.fputc) for fputc
    printf8.o(i.__0vprintf$8) refers to stdout.o(.data) for __stdout
    printf8.o(i.__0vsnprintf$8) refers to printf8.o(i._printf_core) for _printf_core
    printf8.o(i.__0vsnprintf$8) refers to printf8.o(i._snputc) for _snputc
    printf8.o(i.__0vsprintf$8) refers to printf8.o(i._printf_core) for _printf_core
    printf8.o(i.__0vsprintf$8) refers to printf8.o(i._sputc) for _sputc
    printf8.o(i._printf_core) refers to printf8.o(i._printf_pre_padding) for _printf_pre_padding
    printf8.o(i._printf_core) refers to uldiv.o(.text) for __aeabi_uldivmod
    printf8.o(i._printf_core) refers to printf8.o(i._printf_post_padding) for _printf_post_padding
    printfa.o(i.__0fprintf) refers (Special) to iusefp.o(.text) for __I$use$fp
    printfa.o(i.__0fprintf) refers to printfa.o(i._printf_core) for _printf_core
    printfa.o(i.__0fprintf) refers to fputc.o(i.fputc) for fputc
    printfa.o(i.__0printf) refers (Special) to iusefp.o(.text) for __I$use$fp
    printfa.o(i.__0printf) refers to printfa.o(i._printf_core) for _printf_core
    printfa.o(i.__0printf) refers to fputc.o(i.fputc) for fputc
    printfa.o(i.__0printf) refers to stdout.o(.data) for __stdout
    printfa.o(i.__0snprintf) refers (Special) to iusefp.o(.text) for __I$use$fp
    printfa.o(i.__0snprintf) refers to printfa.o(i._printf_core) for _printf_core
    printfa.o(i.__0snprintf) refers to printfa.o(i._snputc) for _snputc
    printfa.o(i.__0sprintf) refers (Special) to iusefp.o(.text) for __I$use$fp
    printfa.o(i.__0sprintf) refers to printfa.o(i._printf_core) for _printf_core
    printfa.o(i.__0sprintf) refers to printfa.o(i._sputc) for _sputc
    printfa.o(i.__0vfprintf) refers (Special) to iusefp.o(.text) for __I$use$fp
    printfa.o(i.__0vfprintf) refers to printfa.o(i._printf_core) for _printf_core
    printfa.o(i.__0vfprintf) refers to fputc.o(i.fputc) for fputc
    printfa.o(i.__0vprintf) refers (Special) to iusefp.o(.text) for __I$use$fp
    printfa.o(i.__0vprintf) refers to printfa.o(i._printf_core) for _printf_core
    printfa.o(i.__0vprintf) refers to fputc.o(i.fputc) for fputc
    printfa.o(i.__0vprintf) refers to stdout.o(.data) for __stdout
    printfa.o(i.__0vsnprintf) refers (Special) to iusefp.o(.text) for __I$use$fp
    printfa.o(i.__0vsnprintf) refers to printfa.o(i._printf_core) for _printf_core
    printfa.o(i.__0vsnprintf) refers to printfa.o(i._snputc) for _snputc
    printfa.o(i.__0vsprintf) refers (Special) to iusefp.o(.text) for __I$use$fp
    printfa.o(i.__0vsprintf) refers to printfa.o(i._printf_core) for _printf_core
    printfa.o(i.__0vsprintf) refers to printfa.o(i._sputc) for _sputc
    printfa.o(i._fp_digits) refers (Special) to iusefp.o(.text) for __I$use$fp
    printfa.o(i._fp_digits) refers to dmul.o(.text) for __aeabi_dmul
    printfa.o(i._fp_digits) refers to ddiv.o(.text) for __aeabi_ddiv
    printfa.o(i._fp_digits) refers to cdrcmple.o(.text) for __aeabi_cdrcmple
    printfa.o(i._fp_digits) refers to dadd.o(.text) for __aeabi_dadd
    printfa.o(i._fp_digits) refers to dfixul.o(.text) for __aeabi_d2ulz
    printfa.o(i._fp_digits) refers to uldiv.o(.text) for __aeabi_uldivmod
    printfa.o(i._printf_core) refers (Special) to iusefp.o(.text) for __I$use$fp
    printfa.o(i._printf_core) refers to printfa.o(i._printf_pre_padding) for _printf_pre_padding
    printfa.o(i._printf_core) refers to uldiv.o(.text) for __aeabi_uldivmod
    printfa.o(i._printf_core) refers to printfa.o(i._printf_post_padding) for _printf_post_padding
    printfa.o(i._printf_core) refers to printfa.o(i._fp_digits) for _fp_digits
    printfa.o(i._printf_core) refers to uidiv.o(.text) for __aeabi_uidivmod
    printfa.o(i._printf_post_padding) refers (Special) to iusefp.o(.text) for __I$use$fp
    printfa.o(i._printf_pre_padding) refers (Special) to iusefp.o(.text) for __I$use$fp
    printfa.o(i._snputc) refers (Special) to iusefp.o(.text) for __I$use$fp
    printfa.o(i._sputc) refers (Special) to iusefp.o(.text) for __I$use$fp
    entry2.o(.ARM.Collect$$$$00000001) refers to entry2.o(.ARM.Collect$$$$00002712) for __lit__00000000
    entry2.o(.ARM.Collect$$$$00002712) refers to startup_stm32f10x_hd.o(STACK) for __initial_sp
    entry2.o(__vectab_stack_and_reset_area) refers to startup_stm32f10x_hd.o(STACK) for __initial_sp
    entry2.o(__vectab_stack_and_reset_area) refers to entry.o(.ARM.Collect$$$$00000000) for __main
    entry5.o(.ARM.Collect$$$$00000004) refers to init.o(.text) for __scatterload
    entry9a.o(.ARM.Collect$$$$0000000B) refers to main.o(i.main) for main
    entry9b.o(.ARM.Collect$$$$0000000C) refers to main.o(i.main) for main
    fputc.o(i.fputc) refers (Special) to iusesemip.o(.text) for __I$use$semihosting$fputc
    fputc.o(i.fputc) refers (Special) to semi.o(.text) for __semihosting_library_function
    uldiv.o(.text) refers to llushr.o(.text) for __aeabi_llsr
    uldiv.o(.text) refers to llshl.o(.text) for __aeabi_llsl
    dadd.o(.text) refers to llshl.o(.text) for __aeabi_llsl
    dadd.o(.text) refers to llsshr.o(.text) for __aeabi_lasr
    dadd.o(.text) refers to depilogue.o(.text) for _double_epilogue
    dmul.o(.text) refers to depilogue.o(.text) for _double_epilogue
    ddiv.o(.text) refers to depilogue.o(.text) for _double_round
    dfixul.o(.text) refers to llushr.o(.text) for __aeabi_llsr
    dfixul.o(.text) refers to llshl.o(.text) for __aeabi_llsl
    init.o(.text) refers to entry5.o(.ARM.Collect$$$$00000004) for __main_after_scatterload
    depilogue.o(.text) refers to llshl.o(.text) for __aeabi_llsl
    depilogue.o(.text) refers to llushr.o(.text) for __aeabi_llsr


==============================================================================

Removing Unused input sections from the image.

    Removing startup_stm32f10x_hd.o(HEAP), (512 bytes).
    Removing core_cm3.o(.emb_text), (32 bytes).
    Removing system_stm32f10x.o(i.SystemCoreClockUpdate), (164 bytes).
    Removing stm32f10x_gpio.o(i.GPIO_AFIODeInit), (20 bytes).
    Removing stm32f10x_gpio.o(i.GPIO_DeInit), (200 bytes).
    Removing stm32f10x_gpio.o(i.GPIO_ETH_MediaInterfaceConfig), (12 bytes).
    Removing stm32f10x_gpio.o(i.GPIO_EXTILineConfig), (64 bytes).
    Removing stm32f10x_gpio.o(i.GPIO_EventOutputCmd), (12 bytes).
    Removing stm32f10x_gpio.o(i.GPIO_EventOutputConfig), (32 bytes).
    Removing stm32f10x_gpio.o(i.GPIO_PinLockConfig), (18 bytes).
    Removing stm32f10x_gpio.o(i.GPIO_PinRemapConfig), (144 bytes).
    Removing stm32f10x_gpio.o(i.GPIO_ReadOutputData), (8 bytes).
    Removing stm32f10x_gpio.o(i.GPIO_ReadOutputDataBit), (18 bytes).
    Removing stm32f10x_gpio.o(i.GPIO_StructInit), (16 bytes).
    Removing stm32f10x_gpio.o(i.GPIO_WriteBit), (10 bytes).
    Removing stm32f10x_gpio.o(.data), (4 bytes).
    Removing stm32f10x_rcc.o(i.RCC_ADCCLKConfig), (24 bytes).
    Removing stm32f10x_rcc.o(i.RCC_AHBPeriphClockCmd), (32 bytes).
    Removing stm32f10x_rcc.o(i.RCC_AdjustHSICalibrationValue), (24 bytes).
    Removing stm32f10x_rcc.o(i.RCC_BackupResetCmd), (12 bytes).
    Removing stm32f10x_rcc.o(i.RCC_ClearFlag), (20 bytes).
    Removing stm32f10x_rcc.o(i.RCC_ClearITPendingBit), (12 bytes).
    Removing stm32f10x_rcc.o(i.RCC_ClockSecuritySystemCmd), (12 bytes).
    Removing stm32f10x_rcc.o(i.RCC_DeInit), (76 bytes).
    Removing stm32f10x_rcc.o(i.RCC_GetFlagStatus), (60 bytes).
    Removing stm32f10x_rcc.o(i.RCC_GetITStatus), (24 bytes).
    Removing stm32f10x_rcc.o(i.RCC_GetSYSCLKSource), (16 bytes).
    Removing stm32f10x_rcc.o(i.RCC_HCLKConfig), (24 bytes).
    Removing stm32f10x_rcc.o(i.RCC_HSEConfig), (76 bytes).
    Removing stm32f10x_rcc.o(i.RCC_HSICmd), (12 bytes).
    Removing stm32f10x_rcc.o(i.RCC_ITConfig), (32 bytes).
    Removing stm32f10x_rcc.o(i.RCC_LSEConfig), (52 bytes).
    Removing stm32f10x_rcc.o(i.RCC_LSICmd), (12 bytes).
    Removing stm32f10x_rcc.o(i.RCC_MCOConfig), (12 bytes).
    Removing stm32f10x_rcc.o(i.RCC_PCLK1Config), (24 bytes).
    Removing stm32f10x_rcc.o(i.RCC_PCLK2Config), (24 bytes).
    Removing stm32f10x_rcc.o(i.RCC_PLLCmd), (12 bytes).
    Removing stm32f10x_rcc.o(i.RCC_PLLConfig), (28 bytes).
    Removing stm32f10x_rcc.o(i.RCC_RTCCLKCmd), (12 bytes).
    Removing stm32f10x_rcc.o(i.RCC_RTCCLKConfig), (16 bytes).
    Removing stm32f10x_rcc.o(i.RCC_SYSCLKConfig), (24 bytes).
    Removing stm32f10x_rcc.o(i.RCC_USBCLKConfig), (12 bytes).
    Removing stm32f10x_rcc.o(i.RCC_WaitForHSEStartUp), (56 bytes).
    Removing misc.o(i.NVIC_PriorityGroupConfig), (20 bytes).
    Removing misc.o(i.NVIC_SetVectorTable), (20 bytes).
    Removing misc.o(i.NVIC_SystemLPConfig), (32 bytes).
    Removing misc.o(i.SysTick_CLKSourceConfig), (40 bytes).
    Removing misc.o(.data), (4 bytes).
    Removing stm32f10x_tim.o(i.TI1_Config), (128 bytes).
    Removing stm32f10x_tim.o(i.TI2_Config), (152 bytes).
    Removing stm32f10x_tim.o(i.TI3_Config), (144 bytes).
    Removing stm32f10x_tim.o(i.TI4_Config), (152 bytes).
    Removing stm32f10x_tim.o(i.TIM_ARRPreloadConfig), (24 bytes).
    Removing stm32f10x_tim.o(i.TIM_BDTRConfig), (32 bytes).
    Removing stm32f10x_tim.o(i.TIM_BDTRStructInit), (18 bytes).
    Removing stm32f10x_tim.o(i.TIM_CCPreloadControl), (24 bytes).
    Removing stm32f10x_tim.o(i.TIM_CCxCmd), (30 bytes).
    Removing stm32f10x_tim.o(i.TIM_CCxNCmd), (30 bytes).
    Removing stm32f10x_tim.o(i.TIM_ClearFlag), (6 bytes).
    Removing stm32f10x_tim.o(i.TIM_ClearOC1Ref), (18 bytes).
    Removing stm32f10x_tim.o(i.TIM_ClearOC2Ref), (24 bytes).
    Removing stm32f10x_tim.o(i.TIM_ClearOC3Ref), (18 bytes).
    Removing stm32f10x_tim.o(i.TIM_ClearOC4Ref), (24 bytes).
    Removing stm32f10x_tim.o(i.TIM_CounterModeConfig), (18 bytes).
    Removing stm32f10x_tim.o(i.TIM_CtrlPWMOutputs), (30 bytes).
    Removing stm32f10x_tim.o(i.TIM_DMACmd), (18 bytes).
    Removing stm32f10x_tim.o(i.TIM_DMAConfig), (10 bytes).
    Removing stm32f10x_tim.o(i.TIM_DeInit), (488 bytes).
    Removing stm32f10x_tim.o(i.TIM_ETRClockMode1Config), (54 bytes).
    Removing stm32f10x_tim.o(i.TIM_ETRClockMode2Config), (32 bytes).
    Removing stm32f10x_tim.o(i.TIM_ETRConfig), (28 bytes).
    Removing stm32f10x_tim.o(i.TIM_EncoderInterfaceConfig), (66 bytes).
    Removing stm32f10x_tim.o(i.TIM_ForcedOC1Config), (18 bytes).
    Removing stm32f10x_tim.o(i.TIM_ForcedOC2Config), (26 bytes).
    Removing stm32f10x_tim.o(i.TIM_ForcedOC3Config), (18 bytes).
    Removing stm32f10x_tim.o(i.TIM_ForcedOC4Config), (26 bytes).
    Removing stm32f10x_tim.o(i.TIM_GenerateEvent), (4 bytes).
    Removing stm32f10x_tim.o(i.TIM_GetCapture1), (6 bytes).
    Removing stm32f10x_tim.o(i.TIM_GetCapture2), (6 bytes).
    Removing stm32f10x_tim.o(i.TIM_GetCapture3), (6 bytes).
    Removing stm32f10x_tim.o(i.TIM_GetCapture4), (8 bytes).
    Removing stm32f10x_tim.o(i.TIM_GetCounter), (6 bytes).
    Removing stm32f10x_tim.o(i.TIM_GetFlagStatus), (18 bytes).
    Removing stm32f10x_tim.o(i.TIM_GetPrescaler), (6 bytes).
    Removing stm32f10x_tim.o(i.TIM_ICInit), (172 bytes).
    Removing stm32f10x_tim.o(i.TIM_ICStructInit), (18 bytes).
    Removing stm32f10x_tim.o(i.TIM_ITRxExternalClockConfig), (24 bytes).
    Removing stm32f10x_tim.o(i.TIM_InternalClockConfig), (12 bytes).
    Removing stm32f10x_tim.o(i.TIM_OC1FastConfig), (18 bytes).
    Removing stm32f10x_tim.o(i.TIM_OC1Init), (152 bytes).
    Removing stm32f10x_tim.o(i.TIM_OC1NPolarityConfig), (18 bytes).
    Removing stm32f10x_tim.o(i.TIM_OC1PolarityConfig), (18 bytes).
    Removing stm32f10x_tim.o(i.TIM_OC1PreloadConfig), (18 bytes).
    Removing stm32f10x_tim.o(i.TIM_OC2FastConfig), (26 bytes).
    Removing stm32f10x_tim.o(i.TIM_OC2Init), (164 bytes).
    Removing stm32f10x_tim.o(i.TIM_OC2NPolarityConfig), (26 bytes).
    Removing stm32f10x_tim.o(i.TIM_OC2PolarityConfig), (26 bytes).
    Removing stm32f10x_tim.o(i.TIM_OC2PreloadConfig), (26 bytes).
    Removing stm32f10x_tim.o(i.TIM_OC3FastConfig), (18 bytes).
    Removing stm32f10x_tim.o(i.TIM_OC3Init), (160 bytes).
    Removing stm32f10x_tim.o(i.TIM_OC3NPolarityConfig), (26 bytes).
    Removing stm32f10x_tim.o(i.TIM_OC3PolarityConfig), (26 bytes).
    Removing stm32f10x_tim.o(i.TIM_OC3PreloadConfig), (18 bytes).
    Removing stm32f10x_tim.o(i.TIM_OC4FastConfig), (26 bytes).
    Removing stm32f10x_tim.o(i.TIM_OC4Init), (124 bytes).
    Removing stm32f10x_tim.o(i.TIM_OC4PolarityConfig), (26 bytes).
    Removing stm32f10x_tim.o(i.TIM_OC4PreloadConfig), (26 bytes).
    Removing stm32f10x_tim.o(i.TIM_OCStructInit), (20 bytes).
    Removing stm32f10x_tim.o(i.TIM_PWMIConfig), (124 bytes).
    Removing stm32f10x_tim.o(i.TIM_PrescalerConfig), (6 bytes).
    Removing stm32f10x_tim.o(i.TIM_SelectCCDMA), (24 bytes).
    Removing stm32f10x_tim.o(i.TIM_SelectCOM), (24 bytes).
    Removing stm32f10x_tim.o(i.TIM_SelectHallSensor), (24 bytes).
    Removing stm32f10x_tim.o(i.TIM_SelectInputTrigger), (18 bytes).
    Removing stm32f10x_tim.o(i.TIM_SelectMasterSlaveMode), (18 bytes).
    Removing stm32f10x_tim.o(i.TIM_SelectOCxM), (82 bytes).
    Removing stm32f10x_tim.o(i.TIM_SelectOnePulseMode), (18 bytes).
    Removing stm32f10x_tim.o(i.TIM_SelectOutputTrigger), (18 bytes).
    Removing stm32f10x_tim.o(i.TIM_SelectSlaveMode), (18 bytes).
    Removing stm32f10x_tim.o(i.TIM_SetAutoreload), (4 bytes).
    Removing stm32f10x_tim.o(i.TIM_SetClockDivision), (18 bytes).
    Removing stm32f10x_tim.o(i.TIM_SetCompare1), (4 bytes).
    Removing stm32f10x_tim.o(i.TIM_SetCompare2), (4 bytes).
    Removing stm32f10x_tim.o(i.TIM_SetCompare3), (4 bytes).
    Removing stm32f10x_tim.o(i.TIM_SetCompare4), (6 bytes).
    Removing stm32f10x_tim.o(i.TIM_SetIC1Prescaler), (18 bytes).
    Removing stm32f10x_tim.o(i.TIM_SetIC2Prescaler), (26 bytes).
    Removing stm32f10x_tim.o(i.TIM_SetIC3Prescaler), (18 bytes).
    Removing stm32f10x_tim.o(i.TIM_SetIC4Prescaler), (26 bytes).
    Removing stm32f10x_tim.o(i.TIM_TIxExternalClockConfig), (62 bytes).
    Removing stm32f10x_tim.o(i.TIM_TimeBaseStructInit), (18 bytes).
    Removing stm32f10x_tim.o(i.TIM_UpdateDisableConfig), (24 bytes).
    Removing stm32f10x_tim.o(i.TIM_UpdateRequestConfig), (24 bytes).
    Removing stm32f10x_tim.o(.data), (4 bytes).
    Removing stm32f10x_usart.o(i.USART_ClearFlag), (18 bytes).
    Removing stm32f10x_usart.o(i.USART_ClearITPendingBit), (30 bytes).
    Removing stm32f10x_usart.o(i.USART_ClockInit), (34 bytes).
    Removing stm32f10x_usart.o(i.USART_ClockStructInit), (12 bytes).
    Removing stm32f10x_usart.o(i.USART_DMACmd), (18 bytes).
    Removing stm32f10x_usart.o(i.USART_GetFlagStatus), (26 bytes).
    Removing stm32f10x_usart.o(i.USART_HalfDuplexCmd), (24 bytes).
    Removing stm32f10x_usart.o(i.USART_IrDACmd), (24 bytes).
    Removing stm32f10x_usart.o(i.USART_IrDAConfig), (18 bytes).
    Removing stm32f10x_usart.o(i.USART_LINBreakDetectLengthConfig), (18 bytes).
    Removing stm32f10x_usart.o(i.USART_LINCmd), (24 bytes).
    Removing stm32f10x_usart.o(i.USART_OneBitMethodCmd), (24 bytes).
    Removing stm32f10x_usart.o(i.USART_OverSampling8Cmd), (22 bytes).
    Removing stm32f10x_usart.o(i.USART_ReceiverWakeUpCmd), (24 bytes).
    Removing stm32f10x_usart.o(i.USART_SendBreak), (10 bytes).
    Removing stm32f10x_usart.o(i.USART_SendData), (8 bytes).
    Removing stm32f10x_usart.o(i.USART_SetAddress), (18 bytes).
    Removing stm32f10x_usart.o(i.USART_SetGuardTime), (16 bytes).
    Removing stm32f10x_usart.o(i.USART_SetPrescaler), (16 bytes).
    Removing stm32f10x_usart.o(i.USART_SmartCardCmd), (24 bytes).
    Removing stm32f10x_usart.o(i.USART_SmartCardNACKCmd), (24 bytes).
    Removing stm32f10x_usart.o(i.USART_StructInit), (24 bytes).
    Removing stm32f10x_usart.o(i.USART_WakeUpConfig), (18 bytes).
    Removing stm32f10x_usart.o(.data), (4 bytes).
    Removing stm32f10x_it.o(.data), (4 bytes).
    Removing lcd12864.o(.data), (4 bytes).
    Removing led.o(i.TIM6_LED), (112 bytes).
    Removing led.o(.data), (4 bytes).
    Removing lock.o(i.Clear_LCD12864), (96 bytes).
    Removing iic.o(i.IIC_SendAck), (68 bytes).
    Removing iic.o(i.IIC_SendNoAck), (68 bytes).
    Removing iic.o(.data), (4 bytes).
    Removing at2402.o(i.AT24C02_PAGE_Read_Data), (38 bytes).
    Removing at2402.o(i.AT24C02_PAGE_Write_Data), (74 bytes).
    Removing at2402.o(.data), (4 bytes).
    Removing sys.o(.emb_text), (6 bytes).
    Removing sys.o(i.INTX_DISABLE), (4 bytes).
    Removing sys.o(i.INTX_ENABLE), (4 bytes).
    Removing sys.o(i.WFI_SET), (4 bytes).
    Removing sys.o(.data), (4 bytes).
    Removing usart3.o(i.u2_printf), (92 bytes).
    Removing as608.o(i.EnsureMessage), (624 bytes).
    Removing as608.o(i.PS_ReadNotepad), (96 bytes).
    Removing as608.o(i.PS_ReadSysPara), (108 bytes).
    Removing as608.o(i.PS_Search), (144 bytes).
    Removing as608.o(i.PS_SetAddr), (124 bytes).
    Removing as608.o(i.PS_ValidTempleteNum), (74 bytes).
    Removing as608.o(i.PS_WriteNotepad), (106 bytes).
    Removing as608.o(i.PS_WriteReg), (82 bytes).
    Removing as608.o(.bss), (12 bytes).
    Removing key.o(i.KEY_Init), (128 bytes).
    Removing dadd.o(.text), (334 bytes).
    Removing dmul.o(.text), (228 bytes).
    Removing ddiv.o(.text), (222 bytes).
    Removing dfixul.o(.text), (48 bytes).
    Removing cdrcmple.o(.text), (48 bytes).
    Removing depilogue.o(.text), (186 bytes).

191 unused section(s) (total 9292 bytes) removed from the image.

==============================================================================

Image Symbol Table

    Local Symbols

    Symbol Name                              Value     Ov Type        Size  Object(Section)

    ../clib/microlib/division.c              0x00000000   Number         0  uidiv.o ABSOLUTE
    ../clib/microlib/division.c              0x00000000   Number         0  uldiv.o ABSOLUTE
    ../clib/microlib/init/entry.s            0x00000000   Number         0  entry9b.o ABSOLUTE
    ../clib/microlib/init/entry.s            0x00000000   Number         0  entry2.o ABSOLUTE
    ../clib/microlib/init/entry.s            0x00000000   Number         0  entry.o ABSOLUTE
    ../clib/microlib/init/entry.s            0x00000000   Number         0  entry5.o ABSOLUTE
    ../clib/microlib/init/entry.s            0x00000000   Number         0  entry12a.o ABSOLUTE
    ../clib/microlib/init/entry.s            0x00000000   Number         0  entry9a.o ABSOLUTE
    ../clib/microlib/init/entry.s            0x00000000   Number         0  entry7a.o ABSOLUTE
    ../clib/microlib/init/entry.s            0x00000000   Number         0  entry7b.o ABSOLUTE
    ../clib/microlib/init/entry.s            0x00000000   Number         0  entry11a.o ABSOLUTE
    ../clib/microlib/init/entry.s            0x00000000   Number         0  entry8a.o ABSOLUTE
    ../clib/microlib/init/entry.s            0x00000000   Number         0  entry11b.o ABSOLUTE
    ../clib/microlib/init/entry.s            0x00000000   Number         0  entry10b.o ABSOLUTE
    ../clib/microlib/init/entry.s            0x00000000   Number         0  entry8b.o ABSOLUTE
    ../clib/microlib/init/entry.s            0x00000000   Number         0  entry10a.o ABSOLUTE
    ../clib/microlib/init/entry.s            0x00000000   Number         0  entry12b.o ABSOLUTE
    ../clib/microlib/longlong.c              0x00000000   Number         0  llsshr.o ABSOLUTE
    ../clib/microlib/longlong.c              0x00000000   Number         0  llushr.o ABSOLUTE
    ../clib/microlib/longlong.c              0x00000000   Number         0  llshl.o ABSOLUTE
    ../clib/microlib/printf/printf.c         0x00000000   Number         0  printf1.o ABSOLUTE
    ../clib/microlib/printf/printf.c         0x00000000   Number         0  printfb.o ABSOLUTE
    ../clib/microlib/printf/printf.c         0x00000000   Number         0  printf4.o ABSOLUTE
    ../clib/microlib/printf/printf.c         0x00000000   Number         0  printfa.o ABSOLUTE
    ../clib/microlib/printf/printf.c         0x00000000   Number         0  printf0.o ABSOLUTE
    ../clib/microlib/printf/printf.c         0x00000000   Number         0  printf3.o ABSOLUTE
    ../clib/microlib/printf/printf.c         0x00000000   Number         0  printf6.o ABSOLUTE
    ../clib/microlib/printf/printf.c         0x00000000   Number         0  printf7.o ABSOLUTE
    ../clib/microlib/printf/printf.c         0x00000000   Number         0  printf8.o ABSOLUTE
    ../clib/microlib/printf/printf.c         0x00000000   Number         0  printf2.o ABSOLUTE
    ../clib/microlib/printf/printf.c         0x00000000   Number         0  printf5.o ABSOLUTE
    ../clib/microlib/printf/stubs.s          0x00000000   Number         0  stubs.o ABSOLUTE
    ../clib/microlib/stdio/fputc.c           0x00000000   Number         0  fputc.o ABSOLUTE
    ../clib/microlib/stdio/semi.s            0x00000000   Number         0  semi.o ABSOLUTE
    ../clib/microlib/stdio/streams.c         0x00000000   Number         0  stdout.o ABSOLUTE
    ../clib/microlib/string/strlen.c         0x00000000   Number         0  strlen.o ABSOLUTE
    ../clib/microlib/string/strstr.c         0x00000000   Number         0  strstr.o ABSOLUTE
    ../clib/microlib/stubs.s                 0x00000000   Number         0  iusefp.o ABSOLUTE
    ../clib/microlib/stubs.s                 0x00000000   Number         0  iusesemip.o ABSOLUTE
    ../fplib/microlib/fpadd.c                0x00000000   Number         0  dadd.o ABSOLUTE
    ../fplib/microlib/fpdiv.c                0x00000000   Number         0  ddiv.o ABSOLUTE
    ../fplib/microlib/fpepilogue.c           0x00000000   Number         0  depilogue.o ABSOLUTE
    ../fplib/microlib/fpfix.c                0x00000000   Number         0  dfixul.o ABSOLUTE
    ../fplib/microlib/fpmul.c                0x00000000   Number         0  dmul.o ABSOLUTE
    CMSIS\\core_cm3.c                        0x00000000   Number         0  core_cm3.o ABSOLUTE
    CMSIS\core_cm3.c                         0x00000000   Number         0  core_cm3.o ABSOLUTE
    CMSIS\startup\startup_stm32f10x_hd.s     0x00000000   Number         0  startup_stm32f10x_hd.o ABSOLUTE
    CMSIS\system_stm32f10x.c                 0x00000000   Number         0  system_stm32f10x.o ABSOLUTE
    cdrcmple.s                               0x00000000   Number         0  cdrcmple.o ABSOLUTE
    dc.s                                     0x00000000   Number         0  dc.o ABSOLUTE
    handlers.s                               0x00000000   Number         0  handlers.o ABSOLUTE
    init.s                                   0x00000000   Number         0  init.o ABSOLUTE
    stdlib\src\misc.c                        0x00000000   Number         0  misc.o ABSOLUTE
    stdlib\src\stm32f10x_gpio.c              0x00000000   Number         0  stm32f10x_gpio.o ABSOLUTE
    stdlib\src\stm32f10x_rcc.c               0x00000000   Number         0  stm32f10x_rcc.o ABSOLUTE
    stdlib\src\stm32f10x_tim.c               0x00000000   Number         0  stm32f10x_tim.o ABSOLUTE
    stdlib\src\stm32f10x_usart.c             0x00000000   Number         0  stm32f10x_usart.o ABSOLUTE
    user\\src\\sys.c                         0x00000000   Number         0  sys.o ABSOLUTE
    user\main.c                              0x00000000   Number         0  main.o ABSOLUTE
    user\src\AT2402.c                        0x00000000   Number         0  at2402.o ABSOLUTE
    user\src\Delay.c                         0x00000000   Number         0  delay.o ABSOLUTE
    user\src\IIC.c                           0x00000000   Number         0  iic.o ABSOLUTE
    user\src\LED.c                           0x00000000   Number         0  led.o ABSOLUTE
    user\src\Lock.c                          0x00000000   Number         0  lock.o ABSOLUTE
    user\src\as608.c                         0x00000000   Number         0  as608.o ABSOLUTE
    user\src\key.c                           0x00000000   Number         0  key.o ABSOLUTE
    user\src\key1.c                          0x00000000   Number         0  key1.o ABSOLUTE
    user\src\lcd12864.c                      0x00000000   Number         0  lcd12864.o ABSOLUTE
    user\src\stm32f10x_it.c                  0x00000000   Number         0  stm32f10x_it.o ABSOLUTE
    user\src\sys.c                           0x00000000   Number         0  sys.o ABSOLUTE
    user\src\timer.c                         0x00000000   Number         0  timer.o ABSOLUTE
    user\src\usart3.c                        0x00000000   Number         0  usart3.o ABSOLUTE
    RESET                                    0x08000000   Section      304  startup_stm32f10x_hd.o(RESET)
    .ARM.Collect$$$$00000000                 0x08000130   Section        0  entry.o(.ARM.Collect$$$$00000000)
    .ARM.Collect$$$$00000001                 0x08000130   Section        4  entry2.o(.ARM.Collect$$$$00000001)
    .ARM.Collect$$$$00000004                 0x08000134   Section        4  entry5.o(.ARM.Collect$$$$00000004)
    .ARM.Collect$$$$00000008                 0x08000138   Section        0  entry7b.o(.ARM.Collect$$$$00000008)
    .ARM.Collect$$$$0000000A                 0x08000138   Section        0  entry8b.o(.ARM.Collect$$$$0000000A)
    .ARM.Collect$$$$0000000B                 0x08000138   Section        8  entry9a.o(.ARM.Collect$$$$0000000B)
    .ARM.Collect$$$$0000000E                 0x08000140   Section        4  entry12b.o(.ARM.Collect$$$$0000000E)
    .ARM.Collect$$$$0000000F                 0x08000144   Section        0  entry10a.o(.ARM.Collect$$$$0000000F)
    .ARM.Collect$$$$00000011                 0x08000144   Section        0  entry11a.o(.ARM.Collect$$$$00000011)
    .ARM.Collect$$$$00002712                 0x08000144   Section        4  entry2.o(.ARM.Collect$$$$00002712)
    __lit__00000000                          0x08000144   Data           4  entry2.o(.ARM.Collect$$$$00002712)
    .text                                    0x08000148   Section       36  startup_stm32f10x_hd.o(.text)
    .text                                    0x0800016c   Section        0  strstr.o(.text)
    .text                                    0x08000190   Section        0  uidiv.o(.text)
    .text                                    0x080001bc   Section       36  init.o(.text)
    i.AT24C02_Read_Data                      0x080001e0   Section        0  at2402.o(i.AT24C02_Read_Data)
    i.AT24C02_Write_Data                     0x0800021c   Section        0  at2402.o(i.AT24C02_Write_Data)
    i.Add_FR                                 0x08000254   Section        0  as608.o(i.Add_FR)
    i.AdminLock_Scanf                        0x080008d4   Section        0  lock.o(i.AdminLock_Scanf)
    i.BusFault_Handler                       0x08000c18   Section        0  stm32f10x_it.o(i.BusFault_Handler)
    i.DebugMon_Handler                       0x08000c1c   Section        0  stm32f10x_it.o(i.DebugMon_Handler)
    i.Del_FR                                 0x08000c20   Section        0  as608.o(i.Del_FR)
    i.Delay                                  0x08000efc   Section        0  delay.o(i.Delay)
    i.Delay_Init                             0x08000f14   Section        0  delay.o(i.Delay_Init)
    i.GPIO_Init                              0x08000f80   Section        0  stm32f10x_gpio.o(i.GPIO_Init)
    i.GPIO_ReadInputData                     0x08001096   Section        0  stm32f10x_gpio.o(i.GPIO_ReadInputData)
    i.GPIO_ReadInputDataBit                  0x0800109e   Section        0  stm32f10x_gpio.o(i.GPIO_ReadInputDataBit)
    i.GPIO_ResetBits                         0x080010b0   Section        0  stm32f10x_gpio.o(i.GPIO_ResetBits)
    i.GPIO_SetBits                           0x080010b4   Section        0  stm32f10x_gpio.o(i.GPIO_SetBits)
    i.GPIO_Write                             0x080010b8   Section        0  stm32f10x_gpio.o(i.GPIO_Write)
    i.GetDDRAM                               0x080010bc   Section        0  lcd12864.o(i.GetDDRAM)
    i.HardFault_Handler                      0x080010f4   Section        0  stm32f10x_it.o(i.HardFault_Handler)
    i.IIC_Init                               0x080010f8   Section        0  iic.o(i.IIC_Init)
    i.IIC_Read_Data                          0x08001124   Section        0  iic.o(i.IIC_Read_Data)
    i.IIC_SDA_Mode                           0x0800117c   Section        0  iic.o(i.IIC_SDA_Mode)
    i.IIC_START                              0x080011bc   Section        0  iic.o(i.IIC_START)
    i.IIC_STOP                               0x080011fc   Section        0  iic.o(i.IIC_STOP)
    i.IIC_Wait_ACK                           0x08001234   Section        0  iic.o(i.IIC_Wait_ACK)
    i.IIC_Write_Byte                         0x08001288   Section        0  iic.o(i.IIC_Write_Byte)
    i.JudgeStr                               0x080012f4   Section        0  as608.o(i.JudgeStr)
    JudgeStr                                 0x080012f5   Thumb Code   124  as608.o(i.JudgeStr)
    i.KEY_Scan                               0x0800137c   Section        0  key.o(i.KEY_Scan)
    i.Key_GPIO_Init                          0x08001440   Section        0  key1.o(i.Key_GPIO_Init)
    i.Key_scanf                              0x08001490   Section        0  key1.o(i.Key_scanf)
    i.LCD12864_CheckBusy                     0x080019ec   Section        0  lcd12864.o(i.LCD12864_CheckBusy)
    i.LCD12864_GPIO_Init                     0x08001a34   Section        0  lcd12864.o(i.LCD12864_GPIO_Init)
    i.LCD12864_SetWindow                     0x08001a7c   Section        0  lcd12864.o(i.LCD12864_SetWindow)
    i.LCD_Init                               0x08001aac   Section        0  lcd12864.o(i.LCD_Init)
    i.Led_Init                               0x08001b0c   Section        0  led.o(i.Led_Init)
    i.MYUSART_SendData                       0x08001b8c   Section        0  as608.o(i.MYUSART_SendData)
    MYUSART_SendData                         0x08001b8d   Thumb Code    22  as608.o(i.MYUSART_SendData)
    i.Manger_Display                         0x08001ba8   Section        0  lock.o(i.Manger_Display)
    i.MemManage_Handler                      0x08001f74   Section        0  stm32f10x_it.o(i.MemManage_Handler)
    i.NMI_Handler                            0x08001f78   Section        0  stm32f10x_it.o(i.NMI_Handler)
    i.NVIC_Init                              0x08001f7c   Section        0  misc.o(i.NVIC_Init)
    i.PS_DeletChar                           0x08001fec   Section        0  as608.o(i.PS_DeletChar)
    i.PS_Empty                               0x08002058   Section        0  as608.o(i.PS_Empty)
    i.PS_GenChar                             0x08002092   Section        0  as608.o(i.PS_GenChar)
    i.PS_GetImage                            0x080020d8   Section        0  as608.o(i.PS_GetImage)
    i.PS_HandShake                           0x08002114   Section        0  as608.o(i.PS_HandShake)
    i.PS_HighSpeedSearch                     0x08002198   Section        0  as608.o(i.PS_HighSpeedSearch)
    i.PS_Match                               0x08002228   Section        0  as608.o(i.PS_Match)
    i.PS_RegModel                            0x08002262   Section        0  as608.o(i.PS_RegModel)
    i.PS_StaGPIO_Init                        0x0800229c   Section        0  as608.o(i.PS_StaGPIO_Init)
    i.PS_StoreChar                           0x080022c8   Section        0  as608.o(i.PS_StoreChar)
    i.PendSV_Handler                         0x08002328   Section        0  stm32f10x_it.o(i.PendSV_Handler)
    i.RCC_APB1PeriphClockCmd                 0x0800232c   Section        0  stm32f10x_rcc.o(i.RCC_APB1PeriphClockCmd)
    i.RCC_APB1PeriphResetCmd                 0x0800234c   Section        0  stm32f10x_rcc.o(i.RCC_APB1PeriphResetCmd)
    i.RCC_APB2PeriphClockCmd                 0x0800236c   Section        0  stm32f10x_rcc.o(i.RCC_APB2PeriphClockCmd)
    i.RCC_APB2PeriphResetCmd                 0x0800238c   Section        0  stm32f10x_rcc.o(i.RCC_APB2PeriphResetCmd)
    i.RCC_GetClocksFreq                      0x080023ac   Section        0  stm32f10x_rcc.o(i.RCC_GetClocksFreq)
    i.SVC_Handler                            0x08002480   Section        0  stm32f10x_it.o(i.SVC_Handler)
    i.Scanf_Input                            0x08002484   Section        0  lock.o(i.Scanf_Input)
    i.SendAddr                               0x0800267c   Section        0  as608.o(i.SendAddr)
    SendAddr                                 0x0800267d   Thumb Code    46  as608.o(i.SendAddr)
    i.SendCheck                              0x080026b0   Section        0  as608.o(i.SendCheck)
    SendCheck                                0x080026b1   Thumb Code    18  as608.o(i.SendCheck)
    i.SendFlag                               0x080026c2   Section        0  as608.o(i.SendFlag)
    SendFlag                                 0x080026c3   Thumb Code    12  as608.o(i.SendFlag)
    i.SendHead                               0x080026ce   Section        0  as608.o(i.SendHead)
    SendHead                                 0x080026cf   Thumb Code    16  as608.o(i.SendHead)
    i.SendLength                             0x080026de   Section        0  as608.o(i.SendLength)
    SendLength                               0x080026df   Thumb Code    20  as608.o(i.SendLength)
    i.Sendcmd                                0x080026f2   Section        0  as608.o(i.Sendcmd)
    Sendcmd                                  0x080026f3   Thumb Code    12  as608.o(i.Sendcmd)
    i.SetSysClock                            0x080026fe   Section        0  system_stm32f10x.o(i.SetSysClock)
    SetSysClock                              0x080026ff   Thumb Code     8  system_stm32f10x.o(i.SetSysClock)
    i.SetSysClockTo72                        0x08002708   Section        0  system_stm32f10x.o(i.SetSysClockTo72)
    SetSysClockTo72                          0x08002709   Thumb Code   214  system_stm32f10x.o(i.SetSysClockTo72)
    i.ShowErrMessage                         0x080027e8   Section        0  as608.o(i.ShowErrMessage)
    i.State_Three                            0x080027ec   Section        0  lock.o(i.State_Three)
    i.SysTick_Handler                        0x08002978   Section        0  delay.o(i.SysTick_Handler)
    i.SystemInit                             0x08002980   Section        0  system_stm32f10x.o(i.SystemInit)
    i.TIM3_IRQHandler                        0x080029e0   Section        0  timer.o(i.TIM3_IRQHandler)
    i.TIM3_Int_Init                          0x08002a14   Section        0  timer.o(i.TIM3_Int_Init)
    i.TIM_ClearITPendingBit                  0x08002a74   Section        0  stm32f10x_tim.o(i.TIM_ClearITPendingBit)
    i.TIM_Cmd                                0x08002a7a   Section        0  stm32f10x_tim.o(i.TIM_Cmd)
    i.TIM_GetITStatus                        0x08002a92   Section        0  stm32f10x_tim.o(i.TIM_GetITStatus)
    i.TIM_ITConfig                           0x08002ab4   Section        0  stm32f10x_tim.o(i.TIM_ITConfig)
    i.TIM_SetCounter                         0x08002ac6   Section        0  stm32f10x_tim.o(i.TIM_SetCounter)
    i.TIM_TimeBaseInit                       0x08002acc   Section        0  stm32f10x_tim.o(i.TIM_TimeBaseInit)
    i.TimingDelay_Decrement                  0x08002b70   Section        0  delay.o(i.TimingDelay_Decrement)
    i.USART1_IRQHandler                      0x08002b88   Section        0  usart3.o(i.USART1_IRQHandler)
    i.USART_Cmd                              0x08002bf8   Section        0  stm32f10x_usart.o(i.USART_Cmd)
    i.USART_DeInit                           0x08002c10   Section        0  stm32f10x_usart.o(i.USART_DeInit)
    i.USART_GetITStatus                      0x08002cac   Section        0  stm32f10x_usart.o(i.USART_GetITStatus)
    i.USART_ITConfig                         0x08002d00   Section        0  stm32f10x_usart.o(i.USART_ITConfig)
    i.USART_Init                             0x08002d4c   Section        0  stm32f10x_usart.o(i.USART_Init)
    i.USART_ReceiveData                      0x08002e24   Section        0  stm32f10x_usart.o(i.USART_ReceiveData)
    i.UsageFault_Handler                     0x08002e2e   Section        0  stm32f10x_it.o(i.UsageFault_Handler)
    i.UserLock_scanf                         0x08002e34   Section        0  lock.o(i.UserLock_scanf)
    i.WriteData                              0x080031c0   Section        0  lcd12864.o(i.WriteData)
    i.WriteOrder                             0x08003204   Section        0  lcd12864.o(i.WriteOrder)
    i.WriteString                            0x08003248   Section        0  lcd12864.o(i.WriteString)
    i.Write_Word                             0x08003280   Section        0  lcd12864.o(i.Write_Word)
    i.__0sprintf$1                           0x080032cc   Section        0  printf1.o(i.__0sprintf$1)
    i.__scatterload_copy                     0x080032f4   Section       14  handlers.o(i.__scatterload_copy)
    i.__scatterload_null                     0x08003302   Section        2  handlers.o(i.__scatterload_null)
    i.__scatterload_zeroinit                 0x08003304   Section       14  handlers.o(i.__scatterload_zeroinit)
    i._printf_core                           0x08003314   Section        0  printf1.o(i._printf_core)
    _printf_core                             0x08003315   Thumb Code   336  printf1.o(i._printf_core)
    i._sputc                                 0x08003468   Section        0  printf1.o(i._sputc)
    _sputc                                   0x08003469   Thumb Code    10  printf1.o(i._sputc)
    i.admin_index                            0x08003474   Section        0  lock.o(i.admin_index)
    i.chaek_Two_Passwd                       0x080034b8   Section        0  lock.o(i.chaek_Two_Passwd)
    i.display_Init                           0x08003824   Section        0  lock.o(i.display_Init)
    i.main                                   0x08003898   Section        0  main.o(i.main)
    i.press_FR                               0x080039b8   Section        0  as608.o(i.press_FR)
    i.usart1_init                            0x08003b98   Section        0  usart3.o(i.usart1_init)
    .data                                    0x20000000   Section       24  system_stm32f10x.o(.data)
    TimingDelay                              0x20000000   Data           4  system_stm32f10x.o(.data)
    .data                                    0x20000018   Section       24  stm32f10x_rcc.o(.data)
    TimingDelay                              0x20000018   Data           4  stm32f10x_rcc.o(.data)
    APBAHBPrescTable                         0x2000001c   Data          16  stm32f10x_rcc.o(.data)
    ADCPrescTable                            0x2000002c   Data           4  stm32f10x_rcc.o(.data)
    .data                                    0x20000030   Section        9  main.o(.data)
    TimingDelay                              0x20000030   Data           4  main.o(.data)
    .data                                    0x2000003c   Section        4  delay.o(.data)
    TimingDelay                              0x2000003c   Data           4  delay.o(.data)
    .data                                    0x20000040   Section        6  key1.o(.data)
    TimingDelay                              0x20000040   Data           4  key1.o(.data)
    .data                                    0x20000048   Section       54  lock.o(.data)
    TimingDelay                              0x20000048   Data           4  lock.o(.data)
    .data                                    0x20000080   Section        5  timer.o(.data)
    TimingDelay                              0x20000080   Data           4  timer.o(.data)
    .data                                    0x20000088   Section        6  usart3.o(.data)
    TimingDelay                              0x20000088   Data           4  usart3.o(.data)
    .data                                    0x20000090   Section       12  as608.o(.data)
    TimingDelay                              0x20000090   Data           4  as608.o(.data)
    .data                                    0x2000009c   Section        5  key.o(.data)
    TimingDelay                              0x2000009c   Data           4  key.o(.data)
    key_up                                   0x200000a0   Data           1  key.o(.data)
    .bss                                     0x200000a4   Section      800  usart3.o(.bss)
    STACK                                    0x200003c8   Section     1024  startup_stm32f10x_hd.o(STACK)

    Global Symbols

    Symbol Name                              Value     Ov Type        Size  Object(Section)

    BuildAttributes$$THM_ISAv4$P$D$K$B$S$PE$A:L22UL41UL21$X:L11$S22US41US21$IEEE1$IW$USESV6$~STKCKD$USESV7$~SHL$OSPACE$ROPI$EBA8$MICROLIB$REQ8$PRES8$EABIv2 0x00000000   Number         0  anon$$obj.o ABSOLUTE
    __ARM_use_no_argv                        0x00000000   Number         0  main.o ABSOLUTE
    _printf_a                                0x00000000   Number         0  stubs.o ABSOLUTE
    _printf_c                                0x00000000   Number         0  stubs.o ABSOLUTE
    _printf_charcount                        0x00000000   Number         0  stubs.o ABSOLUTE
    _printf_d                                0x00000000   Number         0  stubs.o ABSOLUTE
    _printf_e                                0x00000000   Number         0  stubs.o ABSOLUTE
    _printf_f                                0x00000000   Number         0  stubs.o ABSOLUTE
    _printf_flags                            0x00000000   Number         0  stubs.o ABSOLUTE
    _printf_fp_dec                           0x00000000   Number         0  stubs.o ABSOLUTE
    _printf_fp_hex                           0x00000000   Number         0  stubs.o ABSOLUTE
    _printf_g                                0x00000000   Number         0  stubs.o ABSOLUTE
    _printf_i                                0x00000000   Number         0  stubs.o ABSOLUTE
    _printf_int_dec                          0x00000000   Number         0  stubs.o ABSOLUTE
    _printf_l                                0x00000000   Number         0  stubs.o ABSOLUTE
    _printf_lc                               0x00000000   Number         0  stubs.o ABSOLUTE
    _printf_ll                               0x00000000   Number         0  stubs.o ABSOLUTE
    _printf_lld                              0x00000000   Number         0  stubs.o ABSOLUTE
    _printf_lli                              0x00000000   Number         0  stubs.o ABSOLUTE
    _printf_llo                              0x00000000   Number         0  stubs.o ABSOLUTE
    _printf_llu                              0x00000000   Number         0  stubs.o ABSOLUTE
    _printf_llx                              0x00000000   Number         0  stubs.o ABSOLUTE
    _printf_longlong_dec                     0x00000000   Number         0  stubs.o ABSOLUTE
    _printf_longlong_hex                     0x00000000   Number         0  stubs.o ABSOLUTE
    _printf_longlong_oct                     0x00000000   Number         0  stubs.o ABSOLUTE
    _printf_ls                               0x00000000   Number         0  stubs.o ABSOLUTE
    _printf_mbtowc                           0x00000000   Number         0  stubs.o ABSOLUTE
    _printf_n                                0x00000000   Number         0  stubs.o ABSOLUTE
    _printf_o                                0x00000000   Number         0  stubs.o ABSOLUTE
    _printf_p                                0x00000000   Number         0  stubs.o ABSOLUTE
    _printf_percent                          0x00000000   Number         0  stubs.o ABSOLUTE
    _printf_pre_padding                      0x00000000   Number         0  stubs.o ABSOLUTE
    _printf_return_value                     0x00000000   Number         0  stubs.o ABSOLUTE
    _printf_s                                0x00000000   Number         0  stubs.o ABSOLUTE
    _printf_sizespec                         0x00000000   Number         0  stubs.o ABSOLUTE
    _printf_str                              0x00000000   Number         0  stubs.o ABSOLUTE
    _printf_truncate_signed                  0x00000000   Number         0  stubs.o ABSOLUTE
    _printf_truncate_unsigned                0x00000000   Number         0  stubs.o ABSOLUTE
    _printf_u                                0x00000000   Number         0  stubs.o ABSOLUTE
    _printf_wc                               0x00000000   Number         0  stubs.o ABSOLUTE
    _printf_wctomb                           0x00000000   Number         0  stubs.o ABSOLUTE
    _printf_widthprec                        0x00000000   Number         0  stubs.o ABSOLUTE
    _printf_x                                0x00000000   Number         0  stubs.o ABSOLUTE
    __arm_fini_                               - Undefined Weak Reference
    __cpp_initialize__aeabi_                  - Undefined Weak Reference
    __cxa_finalize                            - Undefined Weak Reference
    __decompress                              - Undefined Weak Reference
    _clock_init                               - Undefined Weak Reference
    _microlib_exit                            - Undefined Weak Reference
    __Vectors_Size                           0x00000130   Number         0  startup_stm32f10x_hd.o ABSOLUTE
    __Vectors                                0x08000000   Data           4  startup_stm32f10x_hd.o(RESET)
    __Vectors_End                            0x08000130   Data           0  startup_stm32f10x_hd.o(RESET)
    __main                                   0x08000131   Thumb Code     0  entry.o(.ARM.Collect$$$$00000000)
    _main_stk                                0x08000131   Thumb Code     0  entry2.o(.ARM.Collect$$$$00000001)
    _main_scatterload                        0x08000135   Thumb Code     0  entry5.o(.ARM.Collect$$$$00000004)
    __main_after_scatterload                 0x08000139   Thumb Code     0  entry5.o(.ARM.Collect$$$$00000004)
    _main_clock                              0x08000139   Thumb Code     0  entry7b.o(.ARM.Collect$$$$00000008)
    _main_cpp_init                           0x08000139   Thumb Code     0  entry8b.o(.ARM.Collect$$$$0000000A)
    _main_init                               0x08000139   Thumb Code     0  entry9a.o(.ARM.Collect$$$$0000000B)
    __rt_lib_shutdown_fini                   0x08000141   Thumb Code     0  entry12b.o(.ARM.Collect$$$$0000000E)
    __rt_final_cpp                           0x08000145   Thumb Code     0  entry10a.o(.ARM.Collect$$$$0000000F)
    __rt_final_exit                          0x08000145   Thumb Code     0  entry11a.o(.ARM.Collect$$$$00000011)
    Reset_Handler                            0x08000149   Thumb Code     8  startup_stm32f10x_hd.o(.text)
    ADC1_2_IRQHandler                        0x08000163   Thumb Code     0  startup_stm32f10x_hd.o(.text)
    ADC3_IRQHandler                          0x08000163   Thumb Code     0  startup_stm32f10x_hd.o(.text)
    CAN1_RX1_IRQHandler                      0x08000163   Thumb Code     0  startup_stm32f10x_hd.o(.text)
    CAN1_SCE_IRQHandler                      0x08000163   Thumb Code     0  startup_stm32f10x_hd.o(.text)
    DMA1_Channel1_IRQHandler                 0x08000163   Thumb Code     0  startup_stm32f10x_hd.o(.text)
    DMA1_Channel2_IRQHandler                 0x08000163   Thumb Code     0  startup_stm32f10x_hd.o(.text)
    DMA1_Channel3_IRQHandler                 0x08000163   Thumb Code     0  startup_stm32f10x_hd.o(.text)
    DMA1_Channel4_IRQHandler                 0x08000163   Thumb Code     0  startup_stm32f10x_hd.o(.text)
    DMA1_Channel5_IRQHandler                 0x08000163   Thumb Code     0  startup_stm32f10x_hd.o(.text)
    DMA1_Channel6_IRQHandler                 0x08000163   Thumb Code     0  startup_stm32f10x_hd.o(.text)
    DMA1_Channel7_IRQHandler                 0x08000163   Thumb Code     0  startup_stm32f10x_hd.o(.text)
    DMA2_Channel1_IRQHandler                 0x08000163   Thumb Code     0  startup_stm32f10x_hd.o(.text)
    DMA2_Channel2_IRQHandler                 0x08000163   Thumb Code     0  startup_stm32f10x_hd.o(.text)
    DMA2_Channel3_IRQHandler                 0x08000163   Thumb Code     0  startup_stm32f10x_hd.o(.text)
    DMA2_Channel4_5_IRQHandler               0x08000163   Thumb Code     0  startup_stm32f10x_hd.o(.text)
    EXTI0_IRQHandler                         0x08000163   Thumb Code     0  startup_stm32f10x_hd.o(.text)
    EXTI15_10_IRQHandler                     0x08000163   Thumb Code     0  startup_stm32f10x_hd.o(.text)
    EXTI1_IRQHandler                         0x08000163   Thumb Code     0  startup_stm32f10x_hd.o(.text)
    EXTI2_IRQHandler                         0x08000163   Thumb Code     0  startup_stm32f10x_hd.o(.text)
    EXTI3_IRQHandler                         0x08000163   Thumb Code     0  startup_stm32f10x_hd.o(.text)
    EXTI4_IRQHandler                         0x08000163   Thumb Code     0  startup_stm32f10x_hd.o(.text)
    EXTI9_5_IRQHandler                       0x08000163   Thumb Code     0  startup_stm32f10x_hd.o(.text)
    FLASH_IRQHandler                         0x08000163   Thumb Code     0  startup_stm32f10x_hd.o(.text)
    FSMC_IRQHandler                          0x08000163   Thumb Code     0  startup_stm32f10x_hd.o(.text)
    I2C1_ER_IRQHandler                       0x08000163   Thumb Code     0  startup_stm32f10x_hd.o(.text)
    I2C1_EV_IRQHandler                       0x08000163   Thumb Code     0  startup_stm32f10x_hd.o(.text)
    I2C2_ER_IRQHandler                       0x08000163   Thumb Code     0  startup_stm32f10x_hd.o(.text)
    I2C2_EV_IRQHandler                       0x08000163   Thumb Code     0  startup_stm32f10x_hd.o(.text)
    PVD_IRQHandler                           0x08000163   Thumb Code     0  startup_stm32f10x_hd.o(.text)
    RCC_IRQHandler                           0x08000163   Thumb Code     0  startup_stm32f10x_hd.o(.text)
    RTCAlarm_IRQHandler                      0x08000163   Thumb Code     0  startup_stm32f10x_hd.o(.text)
    RTC_IRQHandler                           0x08000163   Thumb Code     0  startup_stm32f10x_hd.o(.text)
    SDIO_IRQHandler                          0x08000163   Thumb Code     0  startup_stm32f10x_hd.o(.text)
    SPI1_IRQHandler                          0x08000163   Thumb Code     0  startup_stm32f10x_hd.o(.text)
    SPI2_IRQHandler                          0x08000163   Thumb Code     0  startup_stm32f10x_hd.o(.text)
    SPI3_IRQHandler                          0x08000163   Thumb Code     0  startup_stm32f10x_hd.o(.text)
    TAMPER_IRQHandler                        0x08000163   Thumb Code     0  startup_stm32f10x_hd.o(.text)
    TIM1_BRK_IRQHandler                      0x08000163   Thumb Code     0  startup_stm32f10x_hd.o(.text)
    TIM1_CC_IRQHandler                       0x08000163   Thumb Code     0  startup_stm32f10x_hd.o(.text)
    TIM1_TRG_COM_IRQHandler                  0x08000163   Thumb Code     0  startup_stm32f10x_hd.o(.text)
    TIM1_UP_IRQHandler                       0x08000163   Thumb Code     0  startup_stm32f10x_hd.o(.text)
    TIM2_IRQHandler                          0x08000163   Thumb Code     0  startup_stm32f10x_hd.o(.text)
    TIM4_IRQHandler                          0x08000163   Thumb Code     0  startup_stm32f10x_hd.o(.text)
    TIM5_IRQHandler                          0x08000163   Thumb Code     0  startup_stm32f10x_hd.o(.text)
    TIM6_IRQHandler                          0x08000163   Thumb Code     0  startup_stm32f10x_hd.o(.text)
    TIM7_IRQHandler                          0x08000163   Thumb Code     0  startup_stm32f10x_hd.o(.text)
    TIM8_BRK_IRQHandler                      0x08000163   Thumb Code     0  startup_stm32f10x_hd.o(.text)
    TIM8_CC_IRQHandler                       0x08000163   Thumb Code     0  startup_stm32f10x_hd.o(.text)
    TIM8_TRG_COM_IRQHandler                  0x08000163   Thumb Code     0  startup_stm32f10x_hd.o(.text)
    TIM8_UP_IRQHandler                       0x08000163   Thumb Code     0  startup_stm32f10x_hd.o(.text)
    UART4_IRQHandler                         0x08000163   Thumb Code     0  startup_stm32f10x_hd.o(.text)
    UART5_IRQHandler                         0x08000163   Thumb Code     0  startup_stm32f10x_hd.o(.text)
    USART2_IRQHandler                        0x08000163   Thumb Code     0  startup_stm32f10x_hd.o(.text)
    USART3_IRQHandler                        0x08000163   Thumb Code     0  startup_stm32f10x_hd.o(.text)
    USBWakeUp_IRQHandler                     0x08000163   Thumb Code     0  startup_stm32f10x_hd.o(.text)
    USB_HP_CAN1_TX_IRQHandler                0x08000163   Thumb Code     0  startup_stm32f10x_hd.o(.text)
    USB_LP_CAN1_RX0_IRQHandler               0x08000163   Thumb Code     0  startup_stm32f10x_hd.o(.text)
    WWDG_IRQHandler                          0x08000163   Thumb Code     0  startup_stm32f10x_hd.o(.text)
    strstr                                   0x0800016d   Thumb Code    36  strstr.o(.text)
    __aeabi_uidiv                            0x08000191   Thumb Code     0  uidiv.o(.text)
    __aeabi_uidivmod                         0x08000191   Thumb Code    44  uidiv.o(.text)
    __scatterload                            0x080001bd   Thumb Code    28  init.o(.text)
    __scatterload_rt2                        0x080001bd   Thumb Code     0  init.o(.text)
    AT24C02_Read_Data                        0x080001e1   Thumb Code    60  at2402.o(i.AT24C02_Read_Data)
    AT24C02_Write_Data                       0x0800021d   Thumb Code    54  at2402.o(i.AT24C02_Write_Data)
    Add_FR                                   0x08000255   Thumb Code  1546  as608.o(i.Add_FR)
    AdminLock_Scanf                          0x080008d5   Thumb Code   628  lock.o(i.AdminLock_Scanf)
    BusFault_Handler                         0x08000c19   Thumb Code     4  stm32f10x_it.o(i.BusFault_Handler)
    DebugMon_Handler                         0x08000c1d   Thumb Code     2  stm32f10x_it.o(i.DebugMon_Handler)
    Del_FR                                   0x08000c21   Thumb Code   506  as608.o(i.Del_FR)
    Delay                                    0x08000efd   Thumb Code    20  delay.o(i.Delay)
    Delay_Init                               0x08000f15   Thumb Code    90  delay.o(i.Delay_Init)
    GPIO_Init                                0x08000f81   Thumb Code   278  stm32f10x_gpio.o(i.GPIO_Init)
    GPIO_ReadInputData                       0x08001097   Thumb Code     8  stm32f10x_gpio.o(i.GPIO_ReadInputData)
    GPIO_ReadInputDataBit                    0x0800109f   Thumb Code    18  stm32f10x_gpio.o(i.GPIO_ReadInputDataBit)
    GPIO_ResetBits                           0x080010b1   Thumb Code     4  stm32f10x_gpio.o(i.GPIO_ResetBits)
    GPIO_SetBits                             0x080010b5   Thumb Code     4  stm32f10x_gpio.o(i.GPIO_SetBits)
    GPIO_Write                               0x080010b9   Thumb Code     4  stm32f10x_gpio.o(i.GPIO_Write)
    GetDDRAM                                 0x080010bd   Thumb Code    56  lcd12864.o(i.GetDDRAM)
    HardFault_Handler                        0x080010f5   Thumb Code     4  stm32f10x_it.o(i.HardFault_Handler)
    IIC_Init                                 0x080010f9   Thumb Code    40  iic.o(i.IIC_Init)
    IIC_Read_Data                            0x08001125   Thumb Code    82  iic.o(i.IIC_Read_Data)
    IIC_SDA_Mode                             0x0800117d   Thumb Code    60  iic.o(i.IIC_SDA_Mode)
    IIC_START                                0x080011bd   Thumb Code    58  iic.o(i.IIC_START)
    IIC_STOP                                 0x080011fd   Thumb Code    52  iic.o(i.IIC_STOP)
    IIC_Wait_ACK                             0x08001235   Thumb Code    78  iic.o(i.IIC_Wait_ACK)
    IIC_Write_Byte                           0x08001289   Thumb Code   104  iic.o(i.IIC_Write_Byte)
    KEY_Scan                                 0x0800137d   Thumb Code   186  key.o(i.KEY_Scan)
    Key_GPIO_Init                            0x08001441   Thumb Code    74  key1.o(i.Key_GPIO_Init)
    Key_scanf                                0x08001491   Thumb Code  1358  key1.o(i.Key_scanf)
    LCD12864_CheckBusy                       0x080019ed   Thumb Code    62  lcd12864.o(i.LCD12864_CheckBusy)
    LCD12864_GPIO_Init                       0x08001a35   Thumb Code    64  lcd12864.o(i.LCD12864_GPIO_Init)
    LCD12864_SetWindow                       0x08001a7d   Thumb Code    46  lcd12864.o(i.LCD12864_SetWindow)
    LCD_Init                                 0x08001aad   Thumb Code    90  lcd12864.o(i.LCD_Init)
    Led_Init                                 0x08001b0d   Thumb Code   118  led.o(i.Led_Init)
    Manger_Display                           0x08001ba9   Thumb Code   718  lock.o(i.Manger_Display)
    MemManage_Handler                        0x08001f75   Thumb Code     4  stm32f10x_it.o(i.MemManage_Handler)
    NMI_Handler                              0x08001f79   Thumb Code     2  stm32f10x_it.o(i.NMI_Handler)
    NVIC_Init                                0x08001f7d   Thumb Code   100  misc.o(i.NVIC_Init)
    PS_DeletChar                             0x08001fed   Thumb Code   108  as608.o(i.PS_DeletChar)
    PS_Empty                                 0x08002059   Thumb Code    58  as608.o(i.PS_Empty)
    PS_GenChar                               0x08002093   Thumb Code    70  as608.o(i.PS_GenChar)
    PS_GetImage                              0x080020d9   Thumb Code    58  as608.o(i.PS_GetImage)
    PS_HandShake                             0x08002115   Thumb Code   118  as608.o(i.PS_HandShake)
    PS_HighSpeedSearch                       0x08002199   Thumb Code   144  as608.o(i.PS_HighSpeedSearch)
    PS_Match                                 0x08002229   Thumb Code    58  as608.o(i.PS_Match)
    PS_RegModel                              0x08002263   Thumb Code    58  as608.o(i.PS_RegModel)
    PS_StaGPIO_Init                          0x0800229d   Thumb Code    38  as608.o(i.PS_StaGPIO_Init)
    PS_StoreChar                             0x080022c9   Thumb Code    96  as608.o(i.PS_StoreChar)
    PendSV_Handler                           0x08002329   Thumb Code     2  stm32f10x_it.o(i.PendSV_Handler)
    RCC_APB1PeriphClockCmd                   0x0800232d   Thumb Code    26  stm32f10x_rcc.o(i.RCC_APB1PeriphClockCmd)
    RCC_APB1PeriphResetCmd                   0x0800234d   Thumb Code    26  stm32f10x_rcc.o(i.RCC_APB1PeriphResetCmd)
    RCC_APB2PeriphClockCmd                   0x0800236d   Thumb Code    26  stm32f10x_rcc.o(i.RCC_APB2PeriphClockCmd)
    RCC_APB2PeriphResetCmd                   0x0800238d   Thumb Code    26  stm32f10x_rcc.o(i.RCC_APB2PeriphResetCmd)
    RCC_GetClocksFreq                        0x080023ad   Thumb Code   192  stm32f10x_rcc.o(i.RCC_GetClocksFreq)
    SVC_Handler                              0x08002481   Thumb Code     2  stm32f10x_it.o(i.SVC_Handler)
    Scanf_Input                              0x08002485   Thumb Code   374  lock.o(i.Scanf_Input)
    ShowErrMessage                           0x080027e9   Thumb Code     2  as608.o(i.ShowErrMessage)
    State_Three                              0x080027ed   Thumb Code   326  lock.o(i.State_Three)
    SysTick_Handler                          0x08002979   Thumb Code     8  delay.o(i.SysTick_Handler)
    SystemInit                               0x08002981   Thumb Code    78  system_stm32f10x.o(i.SystemInit)
    TIM3_IRQHandler                          0x080029e1   Thumb Code    42  timer.o(i.TIM3_IRQHandler)
    TIM3_Int_Init                            0x08002a15   Thumb Code    90  timer.o(i.TIM3_Int_Init)
    TIM_ClearITPendingBit                    0x08002a75   Thumb Code     6  stm32f10x_tim.o(i.TIM_ClearITPendingBit)
    TIM_Cmd                                  0x08002a7b   Thumb Code    24  stm32f10x_tim.o(i.TIM_Cmd)
    TIM_GetITStatus                          0x08002a93   Thumb Code    34  stm32f10x_tim.o(i.TIM_GetITStatus)
    TIM_ITConfig                             0x08002ab5   Thumb Code    18  stm32f10x_tim.o(i.TIM_ITConfig)
    TIM_SetCounter                           0x08002ac7   Thumb Code     4  stm32f10x_tim.o(i.TIM_SetCounter)
    TIM_TimeBaseInit                         0x08002acd   Thumb Code   122  stm32f10x_tim.o(i.TIM_TimeBaseInit)
    TimingDelay_Decrement                    0x08002b71   Thumb Code    18  delay.o(i.TimingDelay_Decrement)
    USART1_IRQHandler                        0x08002b89   Thumb Code    94  usart3.o(i.USART1_IRQHandler)
    USART_Cmd                                0x08002bf9   Thumb Code    24  stm32f10x_usart.o(i.USART_Cmd)
    USART_DeInit                             0x08002c11   Thumb Code   134  stm32f10x_usart.o(i.USART_DeInit)
    USART_GetITStatus                        0x08002cad   Thumb Code    84  stm32f10x_usart.o(i.USART_GetITStatus)
    USART_ITConfig                           0x08002d01   Thumb Code    74  stm32f10x_usart.o(i.USART_ITConfig)
    USART_Init                               0x08002d4d   Thumb Code   210  stm32f10x_usart.o(i.USART_Init)
    USART_ReceiveData                        0x08002e25   Thumb Code    10  stm32f10x_usart.o(i.USART_ReceiveData)
    UsageFault_Handler                       0x08002e2f   Thumb Code     4  stm32f10x_it.o(i.UsageFault_Handler)
    UserLock_scanf                           0x08002e35   Thumb Code   680  lock.o(i.UserLock_scanf)
    WriteData                                0x080031c1   Thumb Code    58  lcd12864.o(i.WriteData)
    WriteOrder                               0x08003205   Thumb Code    58  lcd12864.o(i.WriteOrder)
    WriteString                              0x08003249   Thumb Code    54  lcd12864.o(i.WriteString)
    Write_Word                               0x08003281   Thumb Code    66  lcd12864.o(i.Write_Word)
    __0sprintf$1                             0x080032cd   Thumb Code    34  printf1.o(i.__0sprintf$1)
    __1sprintf$1                             0x080032cd   Thumb Code     0  printf1.o(i.__0sprintf$1)
    __2sprintf                               0x080032cd   Thumb Code     0  printf1.o(i.__0sprintf$1)
    __scatterload_copy                       0x080032f5   Thumb Code    14  handlers.o(i.__scatterload_copy)
    __scatterload_null                       0x08003303   Thumb Code     2  handlers.o(i.__scatterload_null)
    __scatterload_zeroinit                   0x08003305   Thumb Code    14  handlers.o(i.__scatterload_zeroinit)
    admin_index                              0x08003475   Thumb Code    48  lock.o(i.admin_index)
    chaek_Two_Passwd                         0x080034b9   Thumb Code   662  lock.o(i.chaek_Two_Passwd)
    display_Init                             0x08003825   Thumb Code    76  lock.o(i.display_Init)
    main                                     0x08003899   Thumb Code   234  main.o(i.main)
    press_FR                                 0x080039b9   Thumb Code   354  as608.o(i.press_FR)
    usart1_init                              0x08003b99   Thumb Code   190  usart3.o(i.usart1_init)
    Region$$Table$$Base                      0x08003c68   Number         0  anon$$obj.o(Region$$Table)
    Region$$Table$$Limit                     0x08003c88   Number         0  anon$$obj.o(Region$$Table)
    SystemCoreClock                          0x20000004   Data           4  system_stm32f10x.o(.data)
    AHBPrescTable                            0x20000008   Data          16  system_stm32f10x.o(.data)
    Press_Key                                0x20000034   Data           1  main.o(.data)
    ValidN                                   0x20000036   Data           2  main.o(.data)
    Mode_State                               0x20000038   Data           1  main.o(.data)
    FLAG                                     0x20000044   Data           1  key1.o(.data)
    key_back                                 0x20000045   Data           1  key1.o(.data)
    Key_back                                 0x2000004c   Data           1  lock.o(.data)
    Key_Count                                0x2000004d   Data           1  lock.o(.data)
    state                                    0x2000004e   Data           1  lock.o(.data)
    Password_Input                           0x2000004f   Data           7  lock.o(.data)
    Password_Verify                          0x20000056   Data           7  lock.o(.data)
    i                                        0x2000005d   Data           1  lock.o(.data)
    admin_key_count                          0x2000005e   Data           1  lock.o(.data)
    Admin_Password_Input                     0x2000005f   Data           7  lock.o(.data)
    Admin_Password_Verify                    0x20000066   Data           7  lock.o(.data)
    Password_EEPR0M                          0x2000006d   Data           7  lock.o(.data)
    Password_TWO_EEPR0M                      0x20000074   Data           7  lock.o(.data)
    guangbiao                                0x2000007b   Data           1  lock.o(.data)
    KeyValue                                 0x2000007c   Data           1  lock.o(.data)
    error                                    0x2000007d   Data           1  lock.o(.data)
    key_num                                  0x20000084   Data           1  timer.o(.data)
    USART1_RX_STA                            0x2000008c   Data           2  usart3.o(.data)
    Key_St                                   0x20000094   Data           1  as608.o(.data)
    AS608Addr                                0x20000098   Data           4  as608.o(.data)
    USART1_RX_BUF                            0x200000a4   Data         400  usart3.o(.bss)
    USART1_TX_BUF                            0x20000234   Data         400  usart3.o(.bss)
    __initial_sp                             0x200007c8   Data           0  startup_stm32f10x_hd.o(STACK)



==============================================================================

Memory Map of the image

  Image Entry point : 0x08000149

  Load Region LR_1 (Base: 0x08000000, Size: 0x00003d2c, Max: 0xffffffff, ABSOLUTE)

    Execution Region ER_RO (Exec base: 0x08000000, Load base: 0x08000000, Size: 0x00003c88, Max: 0xffffffff, ABSOLUTE)

    Exec Addr    Load Addr    Size         Type   Attr      Idx    E Section Name        Object

    0x08000000   0x08000000   0x00000130   Data   RO            3    RESET               startup_stm32f10x_hd.o
    0x08000130   0x08000130   0x00000000   Code   RO         1931  * .ARM.Collect$$$$00000000  mc_w.l(entry.o)
    0x08000130   0x08000130   0x00000004   Code   RO         2199    .ARM.Collect$$$$00000001  mc_w.l(entry2.o)
    0x08000134   0x08000134   0x00000004   Code   RO         2202    .ARM.Collect$$$$00000004  mc_w.l(entry5.o)
    0x08000138   0x08000138   0x00000000   Code   RO         2204    .ARM.Collect$$$$00000008  mc_w.l(entry7b.o)
    0x08000138   0x08000138   0x00000000   Code   RO         2206    .ARM.Collect$$$$0000000A  mc_w.l(entry8b.o)
    0x08000138   0x08000138   0x00000008   Code   RO         2207    .ARM.Collect$$$$0000000B  mc_w.l(entry9a.o)
    0x08000140   0x08000140   0x00000004   Code   RO         2214    .ARM.Collect$$$$0000000E  mc_w.l(entry12b.o)
    0x08000144   0x08000144   0x00000000   Code   RO         2209    .ARM.Collect$$$$0000000F  mc_w.l(entry10a.o)
    0x08000144   0x08000144   0x00000000   Code   RO         2211    .ARM.Collect$$$$00000011  mc_w.l(entry11a.o)
    0x08000144   0x08000144   0x00000004   Code   RO         2200    .ARM.Collect$$$$00002712  mc_w.l(entry2.o)
    0x08000148   0x08000148   0x00000024   Code   RO            4  * .text               startup_stm32f10x_hd.o
    0x0800016c   0x0800016c   0x00000024   Code   RO         1934    .text               mc_w.l(strstr.o)
    0x08000190   0x08000190   0x0000002c   Code   RO         2218    .text               mc_w.l(uidiv.o)
    0x080001bc   0x080001bc   0x00000024   Code   RO         2233    .text               mc_w.l(init.o)
    0x080001e0   0x080001e0   0x0000003c   Code   RO         1604    i.AT24C02_Read_Data  at2402.o
    0x0800021c   0x0800021c   0x00000036   Code   RO         1605    i.AT24C02_Write_Data  at2402.o
    0x08000252   0x08000252   0x00000002   PAD
    0x08000254   0x08000254   0x00000680   Code   RO         1726    i.Add_FR            as608.o
    0x080008d4   0x080008d4   0x00000344   Code   RO         1473    i.AdminLock_Scanf   lock.o
    0x08000c18   0x08000c18   0x00000004   Code   RO         1257    i.BusFault_Handler  stm32f10x_it.o
    0x08000c1c   0x08000c1c   0x00000002   Code   RO         1258    i.DebugMon_Handler  stm32f10x_it.o
    0x08000c1e   0x08000c1e   0x00000002   PAD
    0x08000c20   0x08000c20   0x000002dc   Code   RO         1727    i.Del_FR            as608.o
    0x08000efc   0x08000efc   0x00000018   Code   RO         1331    i.Delay             delay.o
    0x08000f14   0x08000f14   0x0000006c   Code   RO         1332    i.Delay_Init        delay.o
    0x08000f80   0x08000f80   0x00000116   Code   RO          143    i.GPIO_Init         stm32f10x_gpio.o
    0x08001096   0x08001096   0x00000008   Code   RO          146    i.GPIO_ReadInputData  stm32f10x_gpio.o
    0x0800109e   0x0800109e   0x00000012   Code   RO          147    i.GPIO_ReadInputDataBit  stm32f10x_gpio.o
    0x080010b0   0x080010b0   0x00000004   Code   RO          150    i.GPIO_ResetBits    stm32f10x_gpio.o
    0x080010b4   0x080010b4   0x00000004   Code   RO          151    i.GPIO_SetBits      stm32f10x_gpio.o
    0x080010b8   0x080010b8   0x00000004   Code   RO          153    i.GPIO_Write        stm32f10x_gpio.o
    0x080010bc   0x080010bc   0x00000038   Code   RO         1367    i.GetDDRAM          lcd12864.o
    0x080010f4   0x080010f4   0x00000004   Code   RO         1259    i.HardFault_Handler  stm32f10x_it.o
    0x080010f8   0x080010f8   0x0000002c   Code   RO         1540    i.IIC_Init          iic.o
    0x08001124   0x08001124   0x00000058   Code   RO         1541    i.IIC_Read_Data     iic.o
    0x0800117c   0x0800117c   0x00000040   Code   RO         1542    i.IIC_SDA_Mode      iic.o
    0x080011bc   0x080011bc   0x00000040   Code   RO         1543    i.IIC_START         iic.o
    0x080011fc   0x080011fc   0x00000038   Code   RO         1544    i.IIC_STOP          iic.o
    0x08001234   0x08001234   0x00000054   Code   RO         1547    i.IIC_Wait_ACK      iic.o
    0x08001288   0x08001288   0x0000006c   Code   RO         1548    i.IIC_Write_Byte    iic.o
    0x080012f4   0x080012f4   0x00000088   Code   RO         1729    i.JudgeStr          as608.o
    0x0800137c   0x0800137c   0x000000c4   Code   RO         1912    i.KEY_Scan          key.o
    0x08001440   0x08001440   0x00000050   Code   RO         1429    i.Key_GPIO_Init     key1.o
    0x08001490   0x08001490   0x0000055c   Code   RO         1430    i.Key_scanf         key1.o
    0x080019ec   0x080019ec   0x00000048   Code   RO         1368    i.LCD12864_CheckBusy  lcd12864.o
    0x08001a34   0x08001a34   0x00000048   Code   RO         1369    i.LCD12864_GPIO_Init  lcd12864.o
    0x08001a7c   0x08001a7c   0x0000002e   Code   RO         1370    i.LCD12864_SetWindow  lcd12864.o
    0x08001aaa   0x08001aaa   0x00000002   PAD
    0x08001aac   0x08001aac   0x00000060   Code   RO         1371    i.LCD_Init          lcd12864.o
    0x08001b0c   0x08001b0c   0x00000080   Code   RO         1453    i.Led_Init          led.o
    0x08001b8c   0x08001b8c   0x0000001c   Code   RO         1730    i.MYUSART_SendData  as608.o
    0x08001ba8   0x08001ba8   0x000003cc   Code   RO         1475    i.Manger_Display    lock.o
    0x08001f74   0x08001f74   0x00000004   Code   RO         1260    i.MemManage_Handler  stm32f10x_it.o
    0x08001f78   0x08001f78   0x00000002   Code   RO         1261    i.NMI_Handler       stm32f10x_it.o
    0x08001f7a   0x08001f7a   0x00000002   PAD
    0x08001f7c   0x08001f7c   0x00000070   Code   RO          487    i.NVIC_Init         misc.o
    0x08001fec   0x08001fec   0x0000006c   Code   RO         1731    i.PS_DeletChar      as608.o
    0x08002058   0x08002058   0x0000003a   Code   RO         1732    i.PS_Empty          as608.o
    0x08002092   0x08002092   0x00000046   Code   RO         1733    i.PS_GenChar        as608.o
    0x080020d8   0x080020d8   0x0000003a   Code   RO         1734    i.PS_GetImage       as608.o
    0x08002112   0x08002112   0x00000002   PAD
    0x08002114   0x08002114   0x00000084   Code   RO         1735    i.PS_HandShake      as608.o
    0x08002198   0x08002198   0x00000090   Code   RO         1736    i.PS_HighSpeedSearch  as608.o
    0x08002228   0x08002228   0x0000003a   Code   RO         1737    i.PS_Match          as608.o
    0x08002262   0x08002262   0x0000003a   Code   RO         1740    i.PS_RegModel       as608.o
    0x0800229c   0x0800229c   0x0000002c   Code   RO         1743    i.PS_StaGPIO_Init   as608.o
    0x080022c8   0x080022c8   0x00000060   Code   RO         1744    i.PS_StoreChar      as608.o
    0x08002328   0x08002328   0x00000002   Code   RO         1262    i.PendSV_Handler    stm32f10x_it.o
    0x0800232a   0x0800232a   0x00000002   PAD
    0x0800232c   0x0800232c   0x00000020   Code   RO          289    i.RCC_APB1PeriphClockCmd  stm32f10x_rcc.o
    0x0800234c   0x0800234c   0x00000020   Code   RO          290    i.RCC_APB1PeriphResetCmd  stm32f10x_rcc.o
    0x0800236c   0x0800236c   0x00000020   Code   RO          291    i.RCC_APB2PeriphClockCmd  stm32f10x_rcc.o
    0x0800238c   0x0800238c   0x00000020   Code   RO          292    i.RCC_APB2PeriphResetCmd  stm32f10x_rcc.o
    0x080023ac   0x080023ac   0x000000d4   Code   RO          299    i.RCC_GetClocksFreq  stm32f10x_rcc.o
    0x08002480   0x08002480   0x00000002   Code   RO         1263    i.SVC_Handler       stm32f10x_it.o
    0x08002482   0x08002482   0x00000002   PAD
    0x08002484   0x08002484   0x000001f8   Code   RO         1476    i.Scanf_Input       lock.o
    0x0800267c   0x0800267c   0x00000034   Code   RO         1748    i.SendAddr          as608.o
    0x080026b0   0x080026b0   0x00000012   Code   RO         1749    i.SendCheck         as608.o
    0x080026c2   0x080026c2   0x0000000c   Code   RO         1750    i.SendFlag          as608.o
    0x080026ce   0x080026ce   0x00000010   Code   RO         1751    i.SendHead          as608.o
    0x080026de   0x080026de   0x00000014   Code   RO         1752    i.SendLength        as608.o
    0x080026f2   0x080026f2   0x0000000c   Code   RO         1753    i.Sendcmd           as608.o
    0x080026fe   0x080026fe   0x00000008   Code   RO           24    i.SetSysClock       system_stm32f10x.o
    0x08002706   0x08002706   0x00000002   PAD
    0x08002708   0x08002708   0x000000e0   Code   RO           25    i.SetSysClockTo72   system_stm32f10x.o
    0x080027e8   0x080027e8   0x00000002   Code   RO         1754    i.ShowErrMessage    as608.o
    0x080027ea   0x080027ea   0x00000002   PAD
    0x080027ec   0x080027ec   0x0000018c   Code   RO         1477    i.State_Three       lock.o
    0x08002978   0x08002978   0x00000008   Code   RO         1333    i.SysTick_Handler   delay.o
    0x08002980   0x08002980   0x00000060   Code   RO           27    i.SystemInit        system_stm32f10x.o
    0x080029e0   0x080029e0   0x00000034   Code   RO         1634    i.TIM3_IRQHandler   timer.o
    0x08002a14   0x08002a14   0x00000060   Code   RO         1635    i.TIM3_Int_Init     timer.o
    0x08002a74   0x08002a74   0x00000006   Code   RO          536    i.TIM_ClearITPendingBit  stm32f10x_tim.o
    0x08002a7a   0x08002a7a   0x00000018   Code   RO          541    i.TIM_Cmd           stm32f10x_tim.o
    0x08002a92   0x08002a92   0x00000022   Code   RO          562    i.TIM_GetITStatus   stm32f10x_tim.o
    0x08002ab4   0x08002ab4   0x00000012   Code   RO          566    i.TIM_ITConfig      stm32f10x_tim.o
    0x08002ac6   0x08002ac6   0x00000004   Code   RO          606    i.TIM_SetCounter    stm32f10x_tim.o
    0x08002aca   0x08002aca   0x00000002   PAD
    0x08002acc   0x08002acc   0x000000a4   Code   RO          612    i.TIM_TimeBaseInit  stm32f10x_tim.o
    0x08002b70   0x08002b70   0x00000018   Code   RO         1334    i.TimingDelay_Decrement  delay.o
    0x08002b88   0x08002b88   0x00000070   Code   RO         1688    i.USART1_IRQHandler  usart3.o
    0x08002bf8   0x08002bf8   0x00000018   Code   RO         1079    i.USART_Cmd         stm32f10x_usart.o
    0x08002c10   0x08002c10   0x0000009c   Code   RO         1081    i.USART_DeInit      stm32f10x_usart.o
    0x08002cac   0x08002cac   0x00000054   Code   RO         1083    i.USART_GetITStatus  stm32f10x_usart.o
    0x08002d00   0x08002d00   0x0000004a   Code   RO         1085    i.USART_ITConfig    stm32f10x_usart.o
    0x08002d4a   0x08002d4a   0x00000002   PAD
    0x08002d4c   0x08002d4c   0x000000d8   Code   RO         1086    i.USART_Init        stm32f10x_usart.o
    0x08002e24   0x08002e24   0x0000000a   Code   RO         1093    i.USART_ReceiveData  stm32f10x_usart.o
    0x08002e2e   0x08002e2e   0x00000004   Code   RO         1264    i.UsageFault_Handler  stm32f10x_it.o
    0x08002e32   0x08002e32   0x00000002   PAD
    0x08002e34   0x08002e34   0x0000038c   Code   RO         1478    i.UserLock_scanf    lock.o
    0x080031c0   0x080031c0   0x00000044   Code   RO         1372    i.WriteData         lcd12864.o
    0x08003204   0x08003204   0x00000044   Code   RO         1373    i.WriteOrder        lcd12864.o
    0x08003248   0x08003248   0x00000036   Code   RO         1374    i.WriteString       lcd12864.o
    0x0800327e   0x0800327e   0x00000002   PAD
    0x08003280   0x08003280   0x0000004c   Code   RO         1375    i.Write_Word        lcd12864.o
    0x080032cc   0x080032cc   0x00000028   Code   RO         1985    i.__0sprintf$1      mc_w.l(printf1.o)
    0x080032f4   0x080032f4   0x0000000e   Code   RO         2247    i.__scatterload_copy  mc_w.l(handlers.o)
    0x08003302   0x08003302   0x00000002   Code   RO         2248    i.__scatterload_null  mc_w.l(handlers.o)
    0x08003304   0x08003304   0x0000000e   Code   RO         2249    i.__scatterload_zeroinit  mc_w.l(handlers.o)
    0x08003312   0x08003312   0x00000002   PAD
    0x08003314   0x08003314   0x00000154   Code   RO         1990    i._printf_core      mc_w.l(printf1.o)
    0x08003468   0x08003468   0x0000000a   Code   RO         1992    i._sputc            mc_w.l(printf1.o)
    0x08003472   0x08003472   0x00000002   PAD
    0x08003474   0x08003474   0x00000044   Code   RO         1479    i.admin_index       lock.o
    0x080034b8   0x080034b8   0x0000036c   Code   RO         1480    i.chaek_Two_Passwd  lock.o
    0x08003824   0x08003824   0x00000074   Code   RO         1481    i.display_Init      lock.o
    0x08003898   0x08003898   0x00000120   Code   RO         1316    i.main              main.o
    0x080039b8   0x080039b8   0x000001e0   Code   RO         1755    i.press_FR          as608.o
    0x08003b98   0x08003b98   0x000000d0   Code   RO         1690    i.usart1_init       usart3.o
    0x08003c68   0x08003c68   0x00000020   Data   RO         2245    Region$$Table       anon$$obj.o


    Execution Region ER_RW (Exec base: 0x20000000, Load base: 0x08003c88, Size: 0x000000a4, Max: 0xffffffff, ABSOLUTE)

    Exec Addr    Load Addr    Size         Type   Attr      Idx    E Section Name        Object

    0x20000000   0x08003c88   0x00000018   Data   RW           28    .data               system_stm32f10x.o
    0x20000018   0x08003ca0   0x00000018   Data   RW          319    .data               stm32f10x_rcc.o
    0x20000030   0x08003cb8   0x00000009   Data   RW         1317    .data               main.o
    0x20000039   0x08003cc1   0x00000003   PAD
    0x2000003c   0x08003cc4   0x00000004   Data   RW         1335    .data               delay.o
    0x20000040   0x08003cc8   0x00000006   Data   RW         1431    .data               key1.o
    0x20000046   0x08003cce   0x00000002   PAD
    0x20000048   0x08003cd0   0x00000036   Data   RW         1482    .data               lock.o
    0x2000007e   0x08003d06   0x00000002   PAD
    0x20000080   0x08003d08   0x00000005   Data   RW         1636    .data               timer.o
    0x20000085   0x08003d0d   0x00000003   PAD
    0x20000088   0x08003d10   0x00000006   Data   RW         1692    .data               usart3.o
    0x2000008e   0x08003d16   0x00000002   PAD
    0x20000090   0x08003d18   0x0000000c   Data   RW         1757    .data               as608.o
    0x2000009c   0x08003d24   0x00000005   Data   RW         1913    .data               key.o


    Execution Region ER_ZI (Exec base: 0x200000a4, Load base: 0x08003d2c, Size: 0x00000724, Max: 0xffffffff, ABSOLUTE)

    Exec Addr    Load Addr    Size         Type   Attr      Idx    E Section Name        Object

    0x200000a4        -       0x00000320   Zero   RW         1691    .bss                usart3.o
    0x200003c4   0x08003d2c   0x00000004   PAD
    0x200003c8        -       0x00000400   Zero   RW            1    STACK               startup_stm32f10x_hd.o


==============================================================================

Image component sizes


      Code (inc. data)   RO Data    RW Data    ZI Data      Debug   Object Name

      3998        786          0         12          0      13942   as608.o
       114          0          0          0          0       1125   at2402.o
         0          0          0          0          0       4500   core_cm3.o
       164         28          0          4          0      17398   delay.o
       508         34          0          0          0       3457   iic.o
       196         10          0          5          0        847   key.o
      1452         34          0          6          0       1888   key1.o
       608         54          0          0          0       5017   lcd12864.o
       128         10          0          0          0        523   led.o
      4676       1172          0         54          0       6821   lock.o
       288         54          0          9          0        905   main.o
       112         12          0          0          0        928   misc.o
        36          8        304          0       1024        816   startup_stm32f10x_hd.o
       316          0          0          0          0     210738   stm32f10x_gpio.o
        24          0          0          0          0       3308   stm32f10x_it.o
       340         44          0         24          0       5312   stm32f10x_rcc.o
       250         42          0          0          0       3791   stm32f10x_tim.o
       564         28          0          0          0       5317   stm32f10x_usart.o
       328         28          0         24          0      45781   system_stm32f10x.o
       148         16          0          5          0       1296   timer.o
       320         36          0          6        800       1830   usart3.o

    ----------------------------------------------------------------------
     14596       2396        336        164       1828     335540   Object Totals
         0          0         32          0          0          0   (incl. Generated)
        26          0          0         15          4          0   (incl. Padding)

    ----------------------------------------------------------------------

      Code (inc. data)   RO Data    RW Data    ZI Data      Debug   Library Member Name

         0          0          0          0          0          0   entry.o
         0          0          0          0          0          0   entry10a.o
         0          0          0          0          0          0   entry11a.o
         4          0          0          0          0          0   entry12b.o
         8          4          0          0          0          0   entry2.o
         4          0          0          0          0          0   entry5.o
         0          0          0          0          0          0   entry7b.o
         0          0          0          0          0          0   entry8b.o
         8          4          0          0          0          0   entry9a.o
        30          0          0          0          0          0   handlers.o
        36          8          0          0          0         68   init.o
       390         10          0          0          0        252   printf1.o
        36          0          0          0          0         80   strstr.o
        44          0          0          0          0         80   uidiv.o

    ----------------------------------------------------------------------
       564         26          0          0          0        480   Library Totals
         4          0          0          0          0          0   (incl. Padding)

    ----------------------------------------------------------------------

      Code (inc. data)   RO Data    RW Data    ZI Data      Debug   Library Name

       560         26          0          0          0        480   mc_w.l

    ----------------------------------------------------------------------
       564         26          0          0          0        480   Library Totals

    ----------------------------------------------------------------------

==============================================================================


      Code (inc. data)   RO Data    RW Data    ZI Data      Debug   

     15160       2422        336        164       1828     331284   Grand Totals
     15160       2422        336        164       1828     331284   ELF Image Totals
     15160       2422        336        164          0          0   ROM Totals

==============================================================================

    Total RO  Size (Code + RO Data)                15496 (  15.13kB)
    Total RW  Size (RW Data + ZI Data)              1992 (   1.95kB)
    Total ROM Size (Code + RO Data + RW Data)      15660 (  15.29kB)

==============================================================================

